Archive member included to satisfy reference by file (symbol)

.\CortexM3\ARM_GCC_541\Debug\ADC_multicanal.a(LCD.o)
                              .\CortexM3\ARM_GCC_541\Debug\main.o (LCD_PrintString)
.\CortexM3\ARM_GCC_541\Debug\ADC_multicanal.a(ADC.o)
                              .\CortexM3\ARM_GCC_541\Debug\main.o (ADC_Start)
.\CortexM3\ARM_GCC_541\Debug\ADC_multicanal.a(ADC_INT.o)
                              .\CortexM3\ARM_GCC_541\Debug\ADC_multicanal.a(ADC.o) (ADC_ISR1)
.\CortexM3\ARM_GCC_541\Debug\ADC_multicanal.a(AMux.o)
                              .\CortexM3\ARM_GCC_541\Debug\main.o (AMux_Start)
.\CortexM3\ARM_GCC_541\Debug\ADC_multicanal.a(PWM.o)
                              .\CortexM3\ARM_GCC_541\Debug\main.o (PWM_WriteCompare)
.\CortexM3\ARM_GCC_541\Debug\ADC_multicanal.a(ADC_AMux.o)
                              .\CortexM3\ARM_GCC_541\Debug\ADC_multicanal.a(ADC.o) (ADC_AMux_Select)
.\CortexM3\ARM_GCC_541\Debug\ADC_multicanal.a(ADC_Ext_CP_Clk.o)
                              .\CortexM3\ARM_GCC_541\Debug\ADC_multicanal.a(ADC.o) (ADC_Ext_CP_Clk_SetModeRegister)
.\CortexM3\ARM_GCC_541\Debug\ADC_multicanal.a(ADC_theACLK.o)
                              .\CortexM3\ARM_GCC_541\Debug\ADC_multicanal.a(ADC.o) (ADC_theACLK_SetModeRegister)
.\CortexM3\ARM_GCC_541\Debug\ADC_multicanal.a(CyLib.o)
                              .\CortexM3\ARM_GCC_541\Debug\Cm3Start.o (CyHalt)
.\CortexM3\ARM_GCC_541\Debug\ADC_multicanal.a(cyPm.o)
                              .\CortexM3\ARM_GCC_541\Debug\ADC_multicanal.a(CyLib.o) (CyPmReadStatus)
.\CortexM3\ARM_GCC_541\Debug\ADC_multicanal.a(CyBootAsmGnu.o)
                              .\CortexM3\ARM_GCC_541\Debug\cyfitter_cfg.o (CyDelayCycles)
.\CortexM3\ARM_GCC_541\Debug\ADC_multicanal.a(CyFlash.o)
                              .\CortexM3\ARM_GCC_541\Debug\ADC_multicanal.a(cyPm.o) (CyFlash_SetWaitCycles)
.\CortexM3\ARM_GCC_541\Debug\ADC_multicanal.a(CySpc.o)
                              .\CortexM3\ARM_GCC_541\Debug\ADC_multicanal.a(CyFlash.o) (CySpcStart)
c:/program files (x86)/cypress/psoc creator/4.2/psoc creator/import/gnu/arm/5.4.1/bin/../lib/gcc/arm-none-eabi/5.4.1/armv7-m\libgcc.a(_arm_addsubdf3.o)
                              .\CortexM3\ARM_GCC_541\Debug\main.o (__aeabi_f2d)
c:/program files (x86)/cypress/psoc creator/4.2/psoc creator/import/gnu/arm/5.4.1/bin/../lib/gcc/arm-none-eabi/5.4.1/armv7-m\libgcc.a(_arm_cmpdf2.o)
                              .\CortexM3\ARM_GCC_541\Debug\ADC_multicanal.a(ADC.o) (__aeabi_dcmpgt)
c:/program files (x86)/cypress/psoc creator/4.2/psoc creator/import/gnu/arm/5.4.1/bin/../lib/gcc/arm-none-eabi/5.4.1/armv7-m\libgcc.a(_arm_addsubsf3.o)
                              .\CortexM3\ARM_GCC_541\Debug\ADC_multicanal.a(ADC.o) (__aeabi_ui2f)
c:/program files (x86)/cypress/psoc creator/4.2/psoc creator/import/gnu/arm/5.4.1/bin/../lib/gcc/arm-none-eabi/5.4.1/armv7-m\libgcc.a(_arm_muldivsf3.o)
                              .\CortexM3\ARM_GCC_541\Debug\main.o (__aeabi_fmul)
c:/program files (x86)/cypress/psoc creator/4.2/psoc creator/import/gnu/arm/5.4.1/bin/../lib/gcc/arm-none-eabi/5.4.1/armv7-m\libgcc.a(_arm_fixsfsi.o)
                              .\CortexM3\ARM_GCC_541\Debug\main.o (__aeabi_f2iz)
c:/program files (x86)/cypress/psoc creator/4.2/psoc creator/import/gnu/arm/5.4.1/bin/../lib/gcc/arm-none-eabi/5.4.1/armv7-m\libgcc.a(_arm_fixunssfsi.o)
                              .\CortexM3\ARM_GCC_541\Debug\ADC_multicanal.a(ADC.o) (__aeabi_f2uiz)
c:/program files (x86)/cypress/psoc creator/4.2/psoc creator/import/gnu/arm/5.4.1/bin/../lib/gcc/arm-none-eabi/5.4.1/../../../../arm-none-eabi/lib/armv7-m\libg_nano.a(lib_a-errno.o)
                              .\CortexM3\ARM_GCC_541\Debug\Cm3Start.o (__errno)
c:/program files (x86)/cypress/psoc creator/4.2/psoc creator/import/gnu/arm/5.4.1/bin/../lib/gcc/arm-none-eabi/5.4.1/../../../../arm-none-eabi/lib/armv7-m\libg_nano.a(lib_a-exit.o)
                              c:/program files (x86)/cypress/psoc creator/4.2/psoc creator/import/gnu/arm/5.4.1/bin/../lib/gcc/arm-none-eabi/5.4.1/../../../../arm-none-eabi/lib/armv7-m/crt0.o (exit)
c:/program files (x86)/cypress/psoc creator/4.2/psoc creator/import/gnu/arm/5.4.1/bin/../lib/gcc/arm-none-eabi/5.4.1/../../../../arm-none-eabi/lib/armv7-m\libg_nano.a(lib_a-impure.o)
                              c:/program files (x86)/cypress/psoc creator/4.2/psoc creator/import/gnu/arm/5.4.1/bin/../lib/gcc/arm-none-eabi/5.4.1/../../../../arm-none-eabi/lib/armv7-m\libg_nano.a(lib_a-exit.o) (_global_impure_ptr)
c:/program files (x86)/cypress/psoc creator/4.2/psoc creator/import/gnu/arm/5.4.1/bin/../lib/gcc/arm-none-eabi/5.4.1/../../../../arm-none-eabi/lib/armv7-m\libg_nano.a(lib_a-init.o)
                              c:/program files (x86)/cypress/psoc creator/4.2/psoc creator/import/gnu/arm/5.4.1/bin/../lib/gcc/arm-none-eabi/5.4.1/../../../../arm-none-eabi/lib/armv7-m/crt0.o (__libc_init_array)
[...]
Memory Configuration

Name             Origin             Length             Attributes
rom              0x00000000         0x00040000         xr
ram              0x1fff8000         0x00010000         xrw
*default*        0x00000000         0xffffffff

Linker script and memory map

LOAD c:/program files (x86)/cypress/psoc creator/4.2/psoc creator/import/gnu/arm/5.4.1/bin/../lib/gcc/arm-none-eabi/5.4.1/armv7-m/crti.o
LOAD c:/program files (x86)/cypress/psoc creator/4.2/psoc creator/import/gnu/arm/5.4.1/bin/../lib/gcc/arm-none-eabi/5.4.1/armv7-m/crtbegin.o
LOAD c:/program files (x86)/cypress/psoc creator/4.2/psoc creator/import/gnu/arm/5.4.1/bin/../lib/gcc/arm-none-eabi/5.4.1/../../../../arm-none-eabi/lib/armv7-m/crt0.o
START GROUP
LOAD .\CortexM3\ARM_GCC_541\Debug\main.o
LOAD .\CortexM3\ARM_GCC_541\Debug\cyfitter_cfg.o
LOAD .\CortexM3\ARM_GCC_541\Debug\cymetadata.o
LOAD .\CortexM3\ARM_GCC_541\Debug\Cm3Start.o
LOAD .\CortexM3\ARM_GCC_541\Debug\ADC_multicanal.a
LOAD C:\Program Files (x86)\Cypress\PSoC Creator\4.2\PSoC Creator\psoc\content\cycomponentlibrary\CyComponentLibrary.cylib\CortexM3\ARM_GCC_541\Debug\CyComponentLibrary.a
END GROUP
START GROUP
LOAD c:/program files (x86)/cypress/psoc creator/4.2/psoc creator/import/gnu/arm/5.4.1/bin/../lib/gcc/arm-none-eabi/5.4.1/armv7-m\libgcc.a
LOAD c:/program files (x86)/cypress/psoc creator/4.2/psoc creator/import/gnu/arm/5.4.1/bin/../lib/gcc/arm-none-eabi/5.4.1/../../../../arm-none-eabi/lib/armv7-m\libg_nano.a
LOAD c:/program files (x86)/cypress/psoc creator/4.2/psoc creator/import/gnu/arm/5.4.1/bin/../lib/gcc/arm-none-eabi/5.4.1/../../../../arm-none-eabi/lib/armv7-m\libc_nano.a
END GROUP
START GROUP
LOAD c:/program files (x86)/cypress/psoc creator/4.2/psoc creator/import/gnu/arm/5.4.1/bin/../lib/gcc/arm-none-eabi/5.4.1/armv7-m\libgcc.a
LOAD c:/program files (x86)/cypress/psoc creator/4.2/psoc creator/import/gnu/arm/5.4.1/bin/../lib/gcc/arm-none-eabi/5.4.1/../../../../arm-none-eabi/lib/armv7-m\libc_nano.a
END GROUP
LOAD c:/program files (x86)/cypress/psoc creator/4.2/psoc creator/import/gnu/arm/5.4.1/bin/../lib/gcc/arm-none-eabi/5.4.1/armv7-m/crtend.o
LOAD c:/program files (x86)/cypress/psoc creator/4.2/psoc creator/import/gnu/arm/5.4.1/bin/../lib/gcc/arm-none-eabi/5.4.1/armv7-m/crtn.o
START GROUP
LOAD c:/program files (x86)/cypress/psoc creator/4.2/psoc creator/import/gnu/arm/5.4.1/bin/../lib/gcc/arm-none-eabi/5.4.1/armv7-m\libgcc.a
LOAD c:/program files (x86)/cypress/psoc creator/4.2/psoc creator/import/gnu/arm/5.4.1/bin/../lib/gcc/arm-none-eabi/5.4.1/../../../../arm-none-eabi/lib/armv7-m\libc.a
LOAD c:/program files (x86)/cypress/psoc creator/4.2/psoc creator/import/gnu/arm/5.4.1/bin/../lib/gcc/arm-none-eabi/5.4.1/../../../../arm-none-eabi/lib/armv7-m\libnosys.a
END GROUP
                0x00000000                CY_APPL_ORIGIN = 0x0
                0x00000100                CY_FLASH_ROW_SIZE = 0x100
                0x00000020                CY_ECC_ROW_SIZE = 0x20
                0x00000000                CY_EE_IN_BTLDR = 0x0
                0x00000000                CY_APPL_LOADABLE = 0x0
                0x00000800                CY_EE_SIZE = 0x800
                0x00000001                CY_APPL_NUM = 0x1
                0x00000001                CY_APPL_MAX = 0x1
                0x00000040                CY_METADATA_SIZE = 0x40
                0x00000000                CY_APPL_LOADABLE = 0x0
                0x00000000                CY_CHECKSUM_EXCLUDE_SIZE = ALIGN (0x0, CY_FLASH_ROW_SIZE)
                [!provide]                PROVIDE (__cy_heap_start, _end)
                0x00000001                PROVIDE (__cy_region_num, ((__cy_regions_end - __cy_regions) / 0x10))
                0x20008000                PROVIDE (__cy_stack, (ORIGIN (ram) + LENGTH (ram)))
                [!provide]                PROVIDE (__cy_heap_end, (__cy_stack - 0x800))

.cybootloader   0x00000000        0x0
 *(.cybootloader)
                0x00000000                appl1_start = CY_APPL_ORIGIN?CY_APPL_ORIGIN:ALIGN (CY_FLASH_ROW_SIZE)
                0x0001ff00                appl2_start = (appl1_start + ALIGN ((((LENGTH (rom) - appl1_start) - (0x2 * CY_FLASH_ROW_SIZE)) / 0x2), CY_FLASH_ROW_SIZE))
                0x00000000                appl_start = (CY_APPL_NUM == 0x1)?appl1_start:appl2_start
                0x00000000                ecc_offset = ((appl_start / CY_FLASH_ROW_SIZE) * CY_ECC_ROW_SIZE)
                0x00000000                ee_offset = (CY_APPL_LOADABLE && ! (CY_EE_IN_BTLDR))?((CY_EE_SIZE / CY_APPL_MAX) * (CY_APPL_NUM - 0x1)):0x0
                0x00000800                ee_size = (CY_APPL_LOADABLE && ! (CY_EE_IN_BTLDR))?(CY_EE_SIZE / CY_APPL_MAX):CY_EE_SIZE
                [!provide]                PROVIDE (CY_ECC_OFFSET, ecc_offset)

.text           0x00000000     0x3f10
 CREATE_OBJECT_SYMBOLS
                0x00000000                PROVIDE (__cy_interrupt_vector, RomVectors)
 *(.romvectors)
 .romvectors    0x00000000       0x10 .\CortexM3\ARM_GCC_541\Debug\Cm3Start.o
                0x00000000                RomVectors
                0x00000001                ASSERT ((. != __cy_interrupt_vector), No interrupt vector)
                0x00000001                ASSERT (CY_APPL_ORIGIN?(SIZEOF (.cybootloader) <= CY_APPL_ORIGIN):0x1, Wrong image location)
                0x00000010                PROVIDE (__cy_reset, Reset)
 *(.text.Reset)
 .text.Reset    0x00000010       0x18 .\CortexM3\ARM_GCC_541\Debug\Cm3Start.o
                0x00000010                Reset
                0x00000001                ASSERT ((. != __cy_reset), No reset code)
 *(.dma_init)
                0x00000001                ASSERT ((((appl_start + .) <= 0x10000) || 0x1), DMA Init must be within the first 64k of flash)
 *(.text .text.* .gnu.linkonce.t.*)
 .text          0x00000028       0x5c c:/program files (x86)/cypress/psoc creator/4.2/psoc creator/import/gnu/arm/5.4.1/bin/../lib/gcc/arm-none-eabi/5.4.1/armv7-m/crtbegin.o
 .text.main     0x00000084      0x130 .\CortexM3\ARM_GCC_541\Debug\main.o
                0x00000084                main
 .text.CyClockStartupError
                0x000001b4        0x4 .\CortexM3\ARM_GCC_541\Debug\cyfitter_cfg.o
 .text.cfg_write_bytes32
                0x000001b8       0x34 .\CortexM3\ARM_GCC_541\Debug\cyfitter_cfg.o
 .text.AnalogSetDefault
                0x000001ec       0x28 .\CortexM3\ARM_GCC_541\Debug\cyfitter_cfg.o
 .text.CYMEMZERO
                0x00000214        0xc .\CortexM3\ARM_GCC_541\Debug\cyfitter_cfg.o
 .text.CYCONFIGCPY
                0x00000220        0x8 .\CortexM3\ARM_GCC_541\Debug\cyfitter_cfg.o
 .text.ClockSetup
                0x00000228       0xf0 .\CortexM3\ARM_GCC_541\Debug\cyfitter_cfg.o
 .text.AMux_Set
                0x00000318       0x34 .\CortexM3\ARM_GCC_541\Debug\cyfitter_cfg.o
                0x00000318                AMux_Set
 .text.AMux_Unset
                0x0000034c       0x38 .\CortexM3\ARM_GCC_541\Debug\cyfitter_cfg.o
                0x0000034c                AMux_Unset
 .text.ADC_AMux_Set
                0x00000384       0x20 .\CortexM3\ARM_GCC_541\Debug\cyfitter_cfg.o
                0x00000384                ADC_AMux_Set
 .text.ADC_AMux_Unset
                0x000003a4       0x20 .\CortexM3\ARM_GCC_541\Debug\cyfitter_cfg.o
                0x000003a4                ADC_AMux_Unset
 .text.cyfitter_cfg
                0x000003c4      0x108 .\CortexM3\ARM_GCC_541\Debug\cyfitter_cfg.o
                0x000003c4                cyfitter_cfg
 .text.IntDefaultHandler
                0x000004cc       0x10 .\CortexM3\ARM_GCC_541\Debug\Cm3Start.o
                0x000004cc                IntDefaultHandler
 .text._sbrk    0x000004dc       0x30 .\CortexM3\ARM_GCC_541\Debug\Cm3Start.o
                0x000004dc                _sbrk
 .text.Start_c  0x0000050c       0x4c .\CortexM3\ARM_GCC_541\Debug\Cm3Start.o
                0x0000050c                Start_c
 .text.initialize_psoc
                0x00000558       0x68 .\CortexM3\ARM_GCC_541\Debug\Cm3Start.o
                0x00000558                initialize_psoc
 .text.LCD_WrCntrlNib
                0x000005c0       0x34 .\CortexM3\ARM_GCC_541\Debug\ADC_multicanal.a(LCD.o)
 .text.LCD_WrDatNib
                0x000005f4       0x3c .\CortexM3\ARM_GCC_541\Debug\ADC_multicanal.a(LCD.o)
 .text.LCD_WriteData
                0x00000630       0x20 .\CortexM3\ARM_GCC_541\Debug\ADC_multicanal.a(LCD.o)
                0x00000630                LCD_WriteData
 .text.LCD_PrintString
                0x00000650       0x1c .\CortexM3\ARM_GCC_541\Debug\ADC_multicanal.a(LCD.o)
                0x00000650                LCD_PrintString
 .text.LCD_WriteControl
                0x0000066c       0x24 .\CortexM3\ARM_GCC_541\Debug\ADC_multicanal.a(LCD.o)
                0x0000066c                LCD_WriteControl
 .text.LCD_Init
                0x00000690       0x6c .\CortexM3\ARM_GCC_541\Debug\ADC_multicanal.a(LCD.o)
                0x00000690                LCD_Init
 .text.LCD_Enable
                0x000006fc       0x14 .\CortexM3\ARM_GCC_541\Debug\ADC_multicanal.a(LCD.o)
                0x000006fc                LCD_Enable
 .text.LCD_Start
                0x00000710       0x1c .\CortexM3\ARM_GCC_541\Debug\ADC_multicanal.a(LCD.o)
                0x00000710                LCD_Start
 .text.LCD_Position
                0x0000072c       0x3c .\CortexM3\ARM_GCC_541\Debug\ADC_multicanal.a(LCD.o)
                0x0000072c                LCD_Position
 .text.ADC_GainCompensation
                0x00000768       0xdc .\CortexM3\ARM_GCC_541\Debug\ADC_multicanal.a(ADC.o)
 .text.ADC_SetDSMRef0Reg
                0x00000844       0x4c .\CortexM3\ARM_GCC_541\Debug\ADC_multicanal.a(ADC.o)
 .text.ADC_InitConfig
                0x00000890       0xe8 .\CortexM3\ARM_GCC_541\Debug\ADC_multicanal.a(ADC.o)
 .text.ADC_Init
                0x00000978       0xc4 .\CortexM3\ARM_GCC_541\Debug\ADC_multicanal.a(ADC.o)
                0x00000978                ADC_Init
 .text.ADC_Enable
                0x00000a3c       0xd8 .\CortexM3\ARM_GCC_541\Debug\ADC_multicanal.a(ADC.o)
                0x00000a3c                ADC_Enable
 .text.ADC_Start
                0x00000b14       0x28 .\CortexM3\ARM_GCC_541\Debug\ADC_multicanal.a(ADC.o)
                0x00000b14                ADC_Start
 .text.ADC_StartConvert
                0x00000b3c       0x10 .\CortexM3\ARM_GCC_541\Debug\ADC_multicanal.a(ADC.o)
                0x00000b3c                ADC_StartConvert
 .text.ADC_StopConvert
                0x00000b4c       0x10 .\CortexM3\ARM_GCC_541\Debug\ADC_multicanal.a(ADC.o)
                0x00000b4c                ADC_StopConvert
 .text.ADC_IsEndConversion
                0x00000b5c       0x30 .\CortexM3\ARM_GCC_541\Debug\ADC_multicanal.a(ADC.o)
                0x00000b5c                ADC_IsEndConversion
 .text.ADC_GetResult32
                0x00000b8c       0x6c .\CortexM3\ARM_GCC_541\Debug\ADC_multicanal.a(ADC.o)
                0x00000b8c                ADC_GetResult32
 .text.ADC_CountsTo_Volts
                0x00000bf8       0x28 .\CortexM3\ARM_GCC_541\Debug\ADC_multicanal.a(ADC.o)
                0x00000bf8                ADC_CountsTo_Volts
 .text.ADC_ISR1
                0x00000c20        0x4 .\CortexM3\ARM_GCC_541\Debug\ADC_multicanal.a(ADC_INT.o)
                0x00000c20                ADC_ISR1
 .text.AMux_Start
                0x00000c24       0x20 .\CortexM3\ARM_GCC_541\Debug\ADC_multicanal.a(AMux.o)
                0x00000c24                AMux_Start
 .text.AMux_FastSelect
                0x00000c44       0x20 .\CortexM3\ARM_GCC_541\Debug\ADC_multicanal.a(AMux.o)
                0x00000c44                AMux_FastSelect
 .text.PWM_Enable
                0x00000c64       0x10 .\CortexM3\ARM_GCC_541\Debug\ADC_multicanal.a(PWM.o)
                0x00000c64                PWM_Enable
 .text.PWM_WriteCounter
                0x00000c74        0xc .\CortexM3\ARM_GCC_541\Debug\ADC_multicanal.a(PWM.o)
                0x00000c74                PWM_WriteCounter
 .text.PWM_WritePeriod
                0x00000c80        0xc .\CortexM3\ARM_GCC_541\Debug\ADC_multicanal.a(PWM.o)
                0x00000c80                PWM_WritePeriod
 .text.PWM_WriteCompare
                0x00000c8c        0xc .\CortexM3\ARM_GCC_541\Debug\ADC_multicanal.a(PWM.o)
                0x00000c8c                PWM_WriteCompare
 .text.PWM_SetInterruptMode
                0x00000c98        0xc .\CortexM3\ARM_GCC_541\Debug\ADC_multicanal.a(PWM.o)
                0x00000c98                PWM_SetInterruptMode
 .text.PWM_ReadStatusRegister
                0x00000ca4        0xc .\CortexM3\ARM_GCC_541\Debug\ADC_multicanal.a(PWM.o)
                0x00000ca4                PWM_ReadStatusRegister
 .text.PWM_ReadCapture
                0x00000cb0        0xc .\CortexM3\ARM_GCC_541\Debug\ADC_multicanal.a(PWM.o)
                0x00000cb0                PWM_ReadCapture
 .text.PWM_ClearFIFO
                0x00000cbc       0x14 .\CortexM3\ARM_GCC_541\Debug\ADC_multicanal.a(PWM.o)
                0x00000cbc                PWM_ClearFIFO
 .text.PWM_Init
                0x00000cd0       0x50 .\CortexM3\ARM_GCC_541\Debug\ADC_multicanal.a(PWM.o)
                0x00000cd0                PWM_Init
 .text.PWM_Start
                0x00000d20       0x1c .\CortexM3\ARM_GCC_541\Debug\ADC_multicanal.a(PWM.o)
                0x00000d20                PWM_Start
 .text.ADC_AMux_Start
                0x00000d3c       0x20 .\CortexM3\ARM_GCC_541\Debug\ADC_multicanal.a(ADC_AMux.o)
                0x00000d3c                ADC_AMux_Start
 .text.ADC_AMux_Select
                0x00000d5c       0x18 .\CortexM3\ARM_GCC_541\Debug\ADC_multicanal.a(ADC_AMux.o)
                0x00000d5c                ADC_AMux_Select
 .text.ADC_Ext_CP_Clk_GetDividerRegister
                0x00000d74        0xc .\CortexM3\ARM_GCC_541\Debug\ADC_multicanal.a(ADC_Ext_CP_Clk.o)
                0x00000d74                ADC_Ext_CP_Clk_GetDividerRegister
 .text.ADC_Ext_CP_Clk_SetModeRegister
                0x00000d80       0x14 .\CortexM3\ARM_GCC_541\Debug\ADC_multicanal.a(ADC_Ext_CP_Clk.o)
                0x00000d80                ADC_Ext_CP_Clk_SetModeRegister
 .text.ADC_Ext_CP_Clk_GetSourceRegister
                0x00000d94       0x10 .\CortexM3\ARM_GCC_541\Debug\ADC_multicanal.a(ADC_Ext_CP_Clk.o)
                0x00000d94                ADC_Ext_CP_Clk_GetSourceRegister
 .text.ADC_Ext_CP_Clk_SetDividerRegister
                0x00000da4       0xd8 .\CortexM3\ARM_GCC_541\Debug\ADC_multicanal.a(ADC_Ext_CP_Clk.o)
                0x00000da4                ADC_Ext_CP_Clk_SetDividerRegister
 .text.ADC_theACLK_GetDividerRegister
                0x00000e7c        0xc .\CortexM3\ARM_GCC_541\Debug\ADC_multicanal.a(ADC_theACLK.o)
                0x00000e7c                ADC_theACLK_GetDividerRegister
 .text.ADC_theACLK_SetModeRegister
                0x00000e88       0x14 .\CortexM3\ARM_GCC_541\Debug\ADC_multicanal.a(ADC_theACLK.o)
                0x00000e88                ADC_theACLK_SetModeRegister
 .text.ADC_theACLK_GetSourceRegister
                0x00000e9c       0x10 .\CortexM3\ARM_GCC_541\Debug\ADC_multicanal.a(ADC_theACLK.o)
                0x00000e9c                ADC_theACLK_GetSourceRegister
 .text.ADC_theACLK_SetDividerRegister
                0x00000eac       0xd8 .\CortexM3\ARM_GCC_541\Debug\ADC_multicanal.a(ADC_theACLK.o)
                0x00000eac                ADC_theACLK_SetDividerRegister
 .text.CyHalt   0x00000f84        0x4 .\CortexM3\ARM_GCC_541\Debug\ADC_multicanal.a(CyLib.o)
                0x00000f84                CyHalt
 .text.CyDelay  0x00000f88       0x2c .\CortexM3\ARM_GCC_541\Debug\ADC_multicanal.a(CyLib.o)
                0x00000f88                CyDelay
 .text.CyDelayUs
                0x00000fb4       0x14 .\CortexM3\ARM_GCC_541\Debug\ADC_multicanal.a(CyLib.o)
                0x00000fb4                CyDelayUs
 .text.CyIntSetVector
                0x00000fc8       0x28 .\CortexM3\ARM_GCC_541\Debug\ADC_multicanal.a(CyLib.o)
                0x00000fc8                CyIntSetVector
 .text.CyIntSetPriority
                0x00000ff0       0x30 .\CortexM3\ARM_GCC_541\Debug\ADC_multicanal.a(CyLib.o)
                0x00000ff0                CyIntSetPriority
 .text          0x00001020       0x20 .\CortexM3\ARM_GCC_541\Debug\ADC_multicanal.a(CyBootAsmGnu.o)
                0x00001020                CyDelayCycles
                0x00001030                CyEnterCriticalSection
                0x00001038                CyExitCriticalSection
 .text          0x00001040      0x370 c:/program files (x86)/cypress/psoc creator/4.2/psoc creator/import/gnu/arm/5.4.1/bin/../lib/gcc/arm-none-eabi/5.4.1/armv7-m\libgcc.a(_arm_addsubdf3.o)
                0x00001040                __aeabi_drsub
                0x00001048                __aeabi_dsub
                0x00001048                __subdf3
                0x0000104c                __aeabi_dadd
                0x0000104c                __adddf3
                0x000012c4                __floatunsidf
                0x000012c4                __aeabi_ui2d
                0x000012e4                __floatsidf
                0x000012e4                __aeabi_i2d
                0x00001308                __aeabi_f2d
                0x00001308                __extendsfdf2
                0x00001344                __floatundidf
                0x00001344                __aeabi_ul2d
                0x00001354                __floatdidf
                0x00001354                __aeabi_l2d
 .text          0x000013b0      0x110 c:/program files (x86)/cypress/psoc creator/4.2/psoc creator/import/gnu/arm/5.4.1/bin/../lib/gcc/arm-none-eabi/5.4.1/armv7-m\libgcc.a(_arm_cmpdf2.o)
                0x000013b0                __gtdf2
                0x000013b0                __gedf2
                0x000013b8                __ltdf2
                0x000013b8                __ledf2
                0x000013c0                __nedf2
                0x000013c0                __eqdf2
                0x000013c0                __cmpdf2
                0x0000143c                __aeabi_cdrcmple
                0x0000144c                __aeabi_cdcmpeq
                0x0000144c                __aeabi_cdcmple
                0x0000145c                __aeabi_dcmpeq
                0x00001470                __aeabi_dcmplt
                0x00001484                __aeabi_dcmple
                0x00001498                __aeabi_dcmpge
                0x000014ac                __aeabi_dcmpgt
 .text          0x000014c0      0x21c c:/program files (x86)/cypress/psoc creator/4.2/psoc creator/import/gnu/arm/5.4.1/bin/../lib/gcc/arm-none-eabi/5.4.1/armv7-m\libgcc.a(_arm_addsubsf3.o)
                0x000014c0                __aeabi_frsub
                0x000014c8                __subsf3
                0x000014c8                __aeabi_fsub
                0x000014cc                __aeabi_fadd
                0x000014cc                __addsf3
                0x0000162c                __aeabi_ui2f
                0x0000162c                __floatunsisf
                0x00001634                __aeabi_i2f
                0x00001634                __floatsisf
                0x00001650                __aeabi_ul2f
                0x00001650                __floatundisf
                0x00001660                __aeabi_l2f
                0x00001660                __floatdisf
 .text          0x000016dc      0x2a0 c:/program files (x86)/cypress/psoc creator/4.2/psoc creator/import/gnu/arm/5.4.1/bin/../lib/gcc/arm-none-eabi/5.4.1/armv7-m\libgcc.a(_arm_muldivsf3.o)
                0x000016dc                __mulsf3
                0x000016dc                __aeabi_fmul
                0x00001844                __aeabi_fdiv
                0x00001844                __divsf3
 .text          0x0000197c       0x4c c:/program files (x86)/cypress/psoc creator/4.2/psoc creator/import/gnu/arm/5.4.1/bin/../lib/gcc/arm-none-eabi/5.4.1/armv7-m\libgcc.a(_arm_fixsfsi.o)
                0x0000197c                __aeabi_f2iz
                0x0000197c                __fixsfsi
 .text.__errno  0x000019c8        0xc c:/program files (x86)/cypress/psoc creator/4.2/psoc creator/import/gnu/arm/5.4.1/bin/../lib/gcc/arm-none-eabi/5.4.1/../../../../arm-none-eabi/lib/armv7-m\libg_nano.a(lib_a-errno.o)
                0x000019c8                __errno
 .text.__libc_init_array
                0x000019d4       0x4c c:/program files (x86)/cypress/psoc creator/4.2/psoc creator/import/gnu/arm/5.4.1/bin/../lib/gcc/arm-none-eabi/5.4.1/../../../../arm-none-eabi/lib/armv7-m\libg_nano.a(lib_a-init.o)
                0x000019d4                __libc_init_array
 .text.memcpy   0x00001a20       0x16 c:/program files (x86)/cypress/psoc creator/4.2/psoc creator/import/gnu/arm/5.4.1/bin/../lib/gcc/arm-none-eabi/5.4.1/../../../../arm-none-eabi/lib/armv7-m\libg_nano.a(lib_a-memcpy-stub.o)
                0x00001a20                memcpy
 .text.memset   0x00001a36       0x10 c:/program files (x86)/cypress/psoc creator/4.2/psoc creator/import/gnu/arm/5.4.1/bin/../lib/gcc/arm-none-eabi/5.4.1/../../../../arm-none-eabi/lib/armv7-m\libg_nano.a(lib_a-memset.o)
                0x00001a36                memset
 .text.__cvt    0x00001a46       0xc0 c:/program files (x86)/cypress/psoc creator/4.2/psoc creator/import/gnu/arm/5.4.1/bin/../lib/gcc/arm-none-eabi/5.4.1/../../../../arm-none-eabi/lib/armv7-m\libg_nano.a(lib_a-nano-vfprintf_float.o)
                0x00001a46                __cvt
 .text.__exponent
                0x00001b06       0x62 c:/program files (x86)/cypress/psoc creator/4.2/psoc creator/import/gnu/arm/5.4.1/bin/../lib/gcc/arm-none-eabi/5.4.1/../../../../arm-none-eabi/lib/armv7-m\libg_nano.a(lib_a-nano-vfprintf_float.o)
                0x00001b06                __exponent
 .text._printf_float
                0x00001b68      0x488 c:/program files (x86)/cypress/psoc creator/4.2/psoc creator/import/gnu/arm/5.4.1/bin/../lib/gcc/arm-none-eabi/5.4.1/../../../../arm-none-eabi/lib/armv7-m\libg_nano.a(lib_a-nano-vfprintf_float.o)
                0x00001b68                _printf_float
 .text._printf_common
                0x00001ff0       0xec c:/program files (x86)/cypress/psoc creator/4.2/psoc creator/import/gnu/arm/5.4.1/bin/../lib/gcc/arm-none-eabi/5.4.1/../../../../arm-none-eabi/lib/armv7-m\libg_nano.a(lib_a-nano-vfprintf_i.o)
                0x00001ff0                _printf_common
 .text._printf_i
                0x000020dc      0x24c c:/program files (x86)/cypress/psoc creator/4.2/psoc creator/import/gnu/arm/5.4.1/bin/../lib/gcc/arm-none-eabi/5.4.1/../../../../arm-none-eabi/lib/armv7-m\libg_nano.a(lib_a-nano-vfprintf_i.o)
                0x000020dc                _printf_i
 .text.sprintf  0x00002328       0x48 c:/program files (x86)/cypress/psoc creator/4.2/psoc creator/import/gnu/arm/5.4.1/bin/../lib/gcc/arm-none-eabi/5.4.1/../../../../arm-none-eabi/lib/armv7-m\libg_nano.a(lib_a-sprintf.o)
                0x00002328                siprintf
                0x00002328                sprintf
 .text          0x00002370       0x10 c:/program files (x86)/cypress/psoc creator/4.2/psoc creator/import/gnu/arm/5.4.1/bin/../lib/gcc/arm-none-eabi/5.4.1/../../../../arm-none-eabi/lib/armv7-m\libg_nano.a(lib_a-strlen.o)
                0x00002370                strlen
 .text.quorem   0x00002380      0x116 c:/program files (x86)/cypress/psoc creator/4.2/psoc creator/import/gnu/arm/5.4.1/bin/../lib/gcc/arm-none-eabi/5.4.1/../../../../arm-none-eabi/lib/armv7-m\libg_nano.a(lib_a-dtoa.o)
 *fill*         0x00002496        0x2 
 .text._dtoa_r  0x00002498      0xb30 c:/program files (x86)/cypress/psoc creator/4.2/psoc creator/import/gnu/arm/5.4.1/bin/../lib/gcc/arm-none-eabi/5.4.1/../../../../arm-none-eabi/lib/armv7-m\libg_nano.a(lib_a-dtoa.o)
                0x00002498                _dtoa_r
 .text._localeconv_r
                0x00002fc8        0x8 c:/program files (x86)/cypress/psoc creator/4.2/psoc creator/import/gnu/arm/5.4.1/bin/../lib/gcc/arm-none-eabi/5.4.1/../../../../arm-none-eabi/lib/armv7-m\libg_nano.a(lib_a-locale.o)
                0x00002fc8                _localeconv_r
 .text.malloc   0x00002fd0       0x10 c:/program files (x86)/cypress/psoc creator/4.2/psoc creator/import/gnu/arm/5.4.1/bin/../lib/gcc/arm-none-eabi/5.4.1/../../../../arm-none-eabi/lib/armv7-m\libg_nano.a(lib_a-malloc.o)
                0x00002fd0                malloc
 .text.memchr   0x00002fe0       0x1c c:/program files (x86)/cypress/psoc creator/4.2/psoc creator/import/gnu/arm/5.4.1/bin/../lib/gcc/arm-none-eabi/5.4.1/../../../../arm-none-eabi/lib/armv7-m\libg_nano.a(lib_a-memchr-stub.o)
                0x00002fe0                memchr
 .text._Balloc  0x00002ffc       0x6a c:/program files (x86)/cypress/psoc creator/4.2/psoc creator/import/gnu/arm/5.4.1/bin/../lib/gcc/arm-none-eabi/5.4.1/../../../../arm-none-eabi/lib/armv7-m\libg_nano.a(lib_a-mprec.o)
                0x00002ffc                _Balloc
 .text._Bfree   0x00003066       0x2e c:/program files (x86)/cypress/psoc creator/4.2/psoc creator/import/gnu/arm/5.4.1/bin/../lib/gcc/arm-none-eabi/5.4.1/../../../../arm-none-eabi/lib/armv7-m\libg_nano.a(lib_a-mprec.o)
                0x00003066                _Bfree
 .text.__multadd
                0x00003094       0x76 c:/program files (x86)/cypress/psoc creator/4.2/psoc creator/import/gnu/arm/5.4.1/bin/../lib/gcc/arm-none-eabi/5.4.1/../../../../arm-none-eabi/lib/armv7-m\libg_nano.a(lib_a-mprec.o)
                0x00003094                __multadd
 .text.__hi0bits
                0x0000310a       0x40 c:/program files (x86)/cypress/psoc creator/4.2/psoc creator/import/gnu/arm/5.4.1/bin/../lib/gcc/arm-none-eabi/5.4.1/../../../../arm-none-eabi/lib/armv7-m\libg_nano.a(lib_a-mprec.o)
                0x0000310a                __hi0bits
 .text.__lo0bits
                0x0000314a       0x5a c:/program files (x86)/cypress/psoc creator/4.2/psoc creator/import/gnu/arm/5.4.1/bin/../lib/gcc/arm-none-eabi/5.4.1/../../../../arm-none-eabi/lib/armv7-m\libg_nano.a(lib_a-mprec.o)
                0x0000314a                __lo0bits
 .text.__i2b    0x000031a4       0x12 c:/program files (x86)/cypress/psoc creator/4.2/psoc creator/import/gnu/arm/5.4.1/bin/../lib/gcc/arm-none-eabi/5.4.1/../../../../arm-none-eabi/lib/armv7-m\libg_nano.a(lib_a-mprec.o)
                0x000031a4                __i2b
 .text.__multiply
                0x000031b6      0x120 c:/program files (x86)/cypress/psoc creator/4.2/psoc creator/import/gnu/arm/5.4.1/bin/../lib/gcc/arm-none-eabi/5.4.1/../../../../arm-none-eabi/lib/armv7-m\libg_nano.a(lib_a-mprec.o)
                0x000031b6                __multiply
 *fill*         0x000032d6        0x2 
 .text.__pow5mult
                0x000032d8       0x9c c:/program files (x86)/cypress/psoc creator/4.2/psoc creator/import/gnu/arm/5.4.1/bin/../lib/gcc/arm-none-eabi/5.4.1/../../../../arm-none-eabi/lib/armv7-m\libg_nano.a(lib_a-mprec.o)
                0x000032d8                __pow5mult
 .text.__lshift
                0x00003374       0xa2 c:/program files (x86)/cypress/psoc creator/4.2/psoc creator/import/gnu/arm/5.4.1/bin/../lib/gcc/arm-none-eabi/5.4.1/../../../../arm-none-eabi/lib/armv7-m\libg_nano.a(lib_a-mprec.o)
                0x00003374                __lshift
 .text.__mcmp   0x00003416       0x38 c:/program files (x86)/cypress/psoc creator/4.2/psoc creator/import/gnu/arm/5.4.1/bin/../lib/gcc/arm-none-eabi/5.4.1/../../../../arm-none-eabi/lib/armv7-m\libg_nano.a(lib_a-mprec.o)
                0x00003416                __mcmp
 .text.__mdiff  0x0000344e       0xbe c:/program files (x86)/cypress/psoc creator/4.2/psoc creator/import/gnu/arm/5.4.1/bin/../lib/gcc/arm-none-eabi/5.4.1/../../../../arm-none-eabi/lib/armv7-m\libg_nano.a(lib_a-mprec.o)
                0x0000344e                __mdiff
 .text.__d2b    0x0000350c       0x9c c:/program files (x86)/cypress/psoc creator/4.2/psoc creator/import/gnu/arm/5.4.1/bin/../lib/gcc/arm-none-eabi/5.4.1/../../../../arm-none-eabi/lib/armv7-m\libg_nano.a(lib_a-mprec.o)
                0x0000350c                __d2b
 .text._calloc_r
                0x000035a8       0x1c c:/program files (x86)/cypress/psoc creator/4.2/psoc creator/import/gnu/arm/5.4.1/bin/../lib/gcc/arm-none-eabi/5.4.1/../../../../arm-none-eabi/lib/armv7-m\libg_nano.a(lib_a-nano-callocr.o)
                0x000035a8                _calloc_r
 .text._free_r  0x000035c4       0x98 c:/program files (x86)/cypress/psoc creator/4.2/psoc creator/import/gnu/arm/5.4.1/bin/../lib/gcc/arm-none-eabi/5.4.1/../../../../arm-none-eabi/lib/armv7-m\libg_nano.a(lib_a-nano-freer.o)
                0x000035c4                _free_r
 .text._malloc_r
                0x0000365c       0xbc c:/program files (x86)/cypress/psoc creator/4.2/psoc creator/import/gnu/arm/5.4.1/bin/../lib/gcc/arm-none-eabi/5.4.1/../../../../arm-none-eabi/lib/armv7-m\libg_nano.a(lib_a-nano-mallocr.o)
                0x0000365c                _malloc_r
 .text.__ssputs_r
                0x00003718       0xb2 c:/program files (x86)/cypress/psoc creator/4.2/psoc creator/import/gnu/arm/5.4.1/bin/../lib/gcc/arm-none-eabi/5.4.1/../../../../arm-none-eabi/lib/armv7-m\libg_nano.a(lib_a-nano-svfprintf.o)
                0x00003718                __ssputs_r
 *fill*         0x000037ca        0x2 
 .text._svfprintf_r
                0x000037cc      0x1e8 c:/program files (x86)/cypress/psoc creator/4.2/psoc creator/import/gnu/arm/5.4.1/bin/../lib/gcc/arm-none-eabi/5.4.1/../../../../arm-none-eabi/lib/armv7-m\libg_nano.a(lib_a-nano-svfprintf.o)
                0x000037cc                _svfiprintf_r
                0x000037cc                _svfprintf_r
 .text._sbrk_r  0x000039b4       0x20 c:/program files (x86)/cypress/psoc creator/4.2/psoc creator/import/gnu/arm/5.4.1/bin/../lib/gcc/arm-none-eabi/5.4.1/../../../../arm-none-eabi/lib/armv7-m\libg_nano.a(lib_a-sbrkr.o)
                0x000039b4                _sbrk_r
 .text.memmove  0x000039d4       0x36 c:/program files (x86)/cypress/psoc creator/4.2/psoc creator/import/gnu/arm/5.4.1/bin/../lib/gcc/arm-none-eabi/5.4.1/../../../../arm-none-eabi/lib/armv7-m\libg_nano.a(lib_a-memmove.o)
                0x000039d4                memmove
 .text.__malloc_lock
                0x00003a0a        0x2 c:/program files (x86)/cypress/psoc creator/4.2/psoc creator/import/gnu/arm/5.4.1/bin/../lib/gcc/arm-none-eabi/5.4.1/../../../../arm-none-eabi/lib/armv7-m\libg_nano.a(lib_a-mlock.o)
                0x00003a0a                __malloc_lock
 .text.__malloc_unlock
                0x00003a0c        0x2 c:/program files (x86)/cypress/psoc creator/4.2/psoc creator/import/gnu/arm/5.4.1/bin/../lib/gcc/arm-none-eabi/5.4.1/../../../../arm-none-eabi/lib/armv7-m\libg_nano.a(lib_a-mlock.o)
                0x00003a0c                __malloc_unlock
 .text._realloc_r
                0x00003a0e       0x4c c:/program files (x86)/cypress/psoc creator/4.2/psoc creator/import/gnu/arm/5.4.1/bin/../lib/gcc/arm-none-eabi/5.4.1/../../../../arm-none-eabi/lib/armv7-m\libg_nano.a(lib_a-nano-reallocr.o)
                0x00003a0e                _realloc_r
 .text._malloc_usable_size_r
                0x00003a5a       0x14 c:/program files (x86)/cypress/psoc creator/4.2/psoc creator/import/gnu/arm/5.4.1/bin/../lib/gcc/arm-none-eabi/5.4.1/../../../../arm-none-eabi/lib/armv7-m\libg_nano.a(lib_a-nano-msizer.o)
                0x00003a5a                _malloc_usable_size_r
 *fill*         0x00003a6e        0x2 
 .text          0x00003a70      0x424 c:/program files (x86)/cypress/psoc creator/4.2/psoc creator/import/gnu/arm/5.4.1/bin/../lib/gcc/arm-none-eabi/5.4.1/armv7-m\libgcc.a(_arm_muldivdf3.o)
                0x00003a70                __aeabi_dmul
                0x00003a70                __muldf3
                0x00003cc4                __divdf3
                0x00003cc4                __aeabi_ddiv
 .text          0x00003e94       0x2c c:/program files (x86)/cypress/psoc creator/4.2/psoc creator/import/gnu/arm/5.4.1/bin/../lib/gcc/arm-none-eabi/5.4.1/armv7-m\libgcc.a(_arm_unorddf2.o)
                0x00003e94                __unorddf2
                0x00003e94                __aeabi_dcmpun
 .text          0x00003ec0       0x50 c:/program files (x86)/cypress/psoc creator/4.2/psoc creator/import/gnu/arm/5.4.1/bin/../lib/gcc/arm-none-eabi/5.4.1/armv7-m\libgcc.a(_arm_fixdfsi.o)
                0x00003ec0                __aeabi_d2iz
                0x00003ec0                __fixdfsi
 *(.plt)
 *(.gnu.warning)
 *(.glue_7t)
 .glue_7t       0x00003f10        0x0 linker stubs
 *(.glue_7)
 .glue_7        0x00003f10        0x0 linker stubs
 *(.vfp11_veneer)
 .vfp11_veneer  0x00003f10        0x0 linker stubs
 *(.bootloader)
 *(.ARM.extab* .gnu.linkonce.armextab.*)
 *(.gcc_except_table)

.v4_bx          0x00003f10        0x0
 .v4_bx         0x00003f10        0x0 linker stubs

.iplt           0x00003f10        0x0
 .iplt          0x00003f10        0x0 c:/program files (x86)/cypress/psoc creator/4.2/psoc creator/import/gnu/arm/5.4.1/bin/../lib/gcc/arm-none-eabi/5.4.1/armv7-m/crtbegin.o

.eh_frame_hdr
 *(.eh_frame_hdr)

.eh_frame       0x00003f10        0x4
 *(.eh_frame)
 .eh_frame      0x00003f10        0x0 c:/program files (x86)/cypress/psoc creator/4.2/psoc creator/import/gnu/arm/5.4.1/bin/../lib/gcc/arm-none-eabi/5.4.1/armv7-m/crtbegin.o
 .eh_frame      0x00003f10        0x4 c:/program files (x86)/cypress/psoc creator/4.2/psoc creator/import/gnu/arm/5.4.1/bin/../lib/gcc/arm-none-eabi/5.4.1/armv7-m/crtend.o
                [!provide]                PROVIDE (__exidx_start, .)

.ARM.exidx
 *(.ARM.exidx* .gnu.linkonce.armexidx.*)
                0x00003f14                __exidx_end = .

.rodata         0x00003f18      0x200
 *(.rodata .rodata.* .gnu.linkonce.r.*)
 .rodata.str1.4
                0x00003f18       0x14 .\CortexM3\ARM_GCC_541\Debug\main.o
                                 0x13 (size before relaxing)
 .rodata        0x00003f2c       0x56 .\CortexM3\ARM_GCC_541\Debug\cyfitter_cfg.o
                0x00003f2c                AMux__addrTable
                0x00003f44                AMux__maskTable
                0x00003f4c                ADC_AMux__addrTable
                0x00003f54                ADC_AMux__maskTable
 .rodata.str1.1
                0x00003f82        0x2 c:/program files (x86)/cypress/psoc creator/4.2/psoc creator/import/gnu/arm/5.4.1/bin/../lib/gcc/arm-none-eabi/5.4.1/../../../../arm-none-eabi/lib/armv7-m\libg_nano.a(lib_a-impure.o)
 .rodata.str1.1
                0x00003f84       0x12 c:/program files (x86)/cypress/psoc creator/4.2/psoc creator/import/gnu/arm/5.4.1/bin/../lib/gcc/arm-none-eabi/5.4.1/../../../../arm-none-eabi/lib/armv7-m\libg_nano.a(lib_a-nano-vfprintf_float.o)
 .rodata.str1.1
                0x00003f96       0x22 c:/program files (x86)/cypress/psoc creator/4.2/psoc creator/import/gnu/arm/5.4.1/bin/../lib/gcc/arm-none-eabi/5.4.1/../../../../arm-none-eabi/lib/armv7-m\libg_nano.a(lib_a-nano-vfprintf_i.o)
 .rodata.str1.1
                0x00003fb8        0xd c:/program files (x86)/cypress/psoc creator/4.2/psoc creator/import/gnu/arm/5.4.1/bin/../lib/gcc/arm-none-eabi/5.4.1/../../../../arm-none-eabi/lib/armv7-m\libg_nano.a(lib_a-dtoa.o)
                                  0xf (size before relaxing)
 .rodata.str1.1
                0x00003fc5        0x8 c:/program files (x86)/cypress/psoc creator/4.2/psoc creator/import/gnu/arm/5.4.1/bin/../lib/gcc/arm-none-eabi/5.4.1/../../../../arm-none-eabi/lib/armv7-m\libg_nano.a(lib_a-locale.o)
                                  0xb (size before relaxing)
 *fill*         0x00003fcd        0x3 
 .rodata.__mprec_tens
                0x00003fd0       0xc8 c:/program files (x86)/cypress/psoc creator/4.2/psoc creator/import/gnu/arm/5.4.1/bin/../lib/gcc/arm-none-eabi/5.4.1/../../../../arm-none-eabi/lib/armv7-m\libg_nano.a(lib_a-mprec.o)
                0x00003fd0                __mprec_tens
 .rodata.p05.5408
                0x00004098        0xc c:/program files (x86)/cypress/psoc creator/4.2/psoc creator/import/gnu/arm/5.4.1/bin/../lib/gcc/arm-none-eabi/5.4.1/../../../../arm-none-eabi/lib/armv7-m\libg_nano.a(lib_a-mprec.o)
 *fill*         0x000040a4        0x4 
 .rodata.__mprec_bigtens
                0x000040a8       0x28 c:/program files (x86)/cypress/psoc creator/4.2/psoc creator/import/gnu/arm/5.4.1/bin/../lib/gcc/arm-none-eabi/5.4.1/../../../../arm-none-eabi/lib/armv7-m\libg_nano.a(lib_a-mprec.o)
                0x000040a8                __mprec_bigtens
 .rodata.str1.1
                0x000040d0       0x11 c:/program files (x86)/cypress/psoc creator/4.2/psoc creator/import/gnu/arm/5.4.1/bin/../lib/gcc/arm-none-eabi/5.4.1/../../../../arm-none-eabi/lib/armv7-m\libg_nano.a(lib_a-nano-svfprintf.o)
                0x000040e4                . = ALIGN (0x4)
 *fill*         0x000040e1        0x3 
 *(.init)
 .init          0x000040e4        0x4 c:/program files (x86)/cypress/psoc creator/4.2/psoc creator/import/gnu/arm/5.4.1/bin/../lib/gcc/arm-none-eabi/5.4.1/armv7-m/crti.o
                0x000040e4                _init
 .init          0x000040e8        0x8 c:/program files (x86)/cypress/psoc creator/4.2/psoc creator/import/gnu/arm/5.4.1/bin/../lib/gcc/arm-none-eabi/5.4.1/armv7-m/crtn.o
                0x000040f0                . = ALIGN (0x4)
                0x000040f0                __preinit_array_start = .
 *(.preinit_array)
                0x000040f0                __preinit_array_end = .
                0x000040f0                . = ALIGN (0x4)
                0x000040f0                __init_array_start = .
 *(SORT(.init_array.*))
 *(.init_array)
 .init_array    0x000040f0        0x4 c:/program files (x86)/cypress/psoc creator/4.2/psoc creator/import/gnu/arm/5.4.1/bin/../lib/gcc/arm-none-eabi/5.4.1/armv7-m/crtbegin.o
 .init_array    0x000040f4        0x4 .\CortexM3\ARM_GCC_541\Debug\Cm3Start.o
                0x000040f8                __init_array_end = .
                0x000040f8                . = ALIGN (0x4)
 *(.fini)
 .fini          0x000040f8        0x4 c:/program files (x86)/cypress/psoc creator/4.2/psoc creator/import/gnu/arm/5.4.1/bin/../lib/gcc/arm-none-eabi/5.4.1/armv7-m/crti.o
                0x000040f8                _fini
 .fini          0x000040fc        0x8 c:/program files (x86)/cypress/psoc creator/4.2/psoc creator/import/gnu/arm/5.4.1/bin/../lib/gcc/arm-none-eabi/5.4.1/armv7-m/crtn.o
                0x00004104                . = ALIGN (0x4)
                0x00004104                __fini_array_start = .
 *(.fini_array)
 .fini_array    0x00004104        0x4 c:/program files (x86)/cypress/psoc creator/4.2/psoc creator/import/gnu/arm/5.4.1/bin/../lib/gcc/arm-none-eabi/5.4.1/armv7-m/crtbegin.o
 *(SORT(.fini_array.*))
                0x00004108                __fini_array_end = .
                0x00004108                . = ALIGN (0x4)
 *crtbegin.o(.ctors)
 *(EXCLUDE_FILE(*crtend.o) .ctors)
 *(SORT(.ctors.*))
 *crtend.o(.ctors)
                0x00004108                . = ALIGN (0x4)
 *crtbegin.o(.dtors)
 *(EXCLUDE_FILE(*crtend.o) .dtors)
 *(SORT(.dtors.*))
 *crtend.o(.dtors)
                0x00004108                . = ALIGN (0x4)
                0x00004108                __cy_regions = .
                0x00004108        0x4 LONG 0x4118 __cy_region_init_ram
                0x0000410c        0x4 LONG 0x1fff80c8 __cy_region_start_data
                0x00004110        0x4 LONG 0xb8 __cy_region_init_size_ram
                0x00004114        0x4 LONG 0x40 __cy_region_zero_size_ram
                0x00004118                __cy_regions_end = .
                0x00004118                . = ALIGN (0x8)
                0x00004118                _etext = .

.cy_checksum_exclude
                0x00004118        0x0
 *(.cy_checksum_exclude)

.ramvectors     0x1fff8000       0xc0
                0x1fff8000                __cy_region_start_ram = .
 *(.ramvectors)
 .ramvectors    0x1fff8000       0xc0 .\CortexM3\ARM_GCC_541\Debug\Cm3Start.o
                0x1fff8000                CyRamVectors

.noinit         0x1fff80c0        0x1
 *(.noinit)
 .noinit        0x1fff80c0        0x1 .\CortexM3\ARM_GCC_541\Debug\ADC_multicanal.a(CyLib.o)
                0x1fff80c0                CyResetStatus

.data           0x1fff80c8       0xb8 load address 0x00004118
                0x1fff80c8                __cy_region_start_data = .
 *(.jcr)
 .jcr           0x1fff80c8        0x0 c:/program files (x86)/cypress/psoc creator/4.2/psoc creator/import/gnu/arm/5.4.1/bin/../lib/gcc/arm-none-eabi/5.4.1/armv7-m/crtbegin.o
 .jcr           0x1fff80c8        0x4 c:/program files (x86)/cypress/psoc creator/4.2/psoc creator/import/gnu/arm/5.4.1/bin/../lib/gcc/arm-none-eabi/5.4.1/armv7-m/crtend.o
 *(.got.plt)
 *(.got)
 *(.shdata)
 *(.data .data.* .gnu.linkonce.d.*)
 .data          0x1fff80cc        0x4 .\CortexM3\ARM_GCC_541\Debug\Cm3Start.o
 .data          0x1fff80d0        0x1 .\CortexM3\ARM_GCC_541\Debug\ADC_multicanal.a(ADC.o)
                0x1fff80d0                ADC_Config
 .data          0x1fff80d1        0x1 .\CortexM3\ARM_GCC_541\Debug\ADC_multicanal.a(AMux.o)
 .data          0x1fff80d2        0x1 .\CortexM3\ARM_GCC_541\Debug\ADC_multicanal.a(ADC_AMux.o)
 *fill*         0x1fff80d3        0x1 
 .data          0x1fff80d4       0x10 .\CortexM3\ARM_GCC_541\Debug\ADC_multicanal.a(CyLib.o)
                0x1fff80d4                cydelay_32k_ms
                0x1fff80d8                cydelay_freq_khz
                0x1fff80dc                cydelay_freq_mhz
                0x1fff80e0                cydelay_freq_hz
 .data.impure_data
                0x1fff80e4       0x60 c:/program files (x86)/cypress/psoc creator/4.2/psoc creator/import/gnu/arm/5.4.1/bin/../lib/gcc/arm-none-eabi/5.4.1/../../../../arm-none-eabi/lib/armv7-m\libg_nano.a(lib_a-impure.o)
 .data._impure_ptr
                0x1fff8144        0x4 c:/program files (x86)/cypress/psoc creator/4.2/psoc creator/import/gnu/arm/5.4.1/bin/../lib/gcc/arm-none-eabi/5.4.1/../../../../arm-none-eabi/lib/armv7-m\libg_nano.a(lib_a-impure.o)
                0x1fff8144                _impure_ptr
 .data.lconv    0x1fff8148       0x38 c:/program files (x86)/cypress/psoc creator/4.2/psoc creator/import/gnu/arm/5.4.1/bin/../lib/gcc/arm-none-eabi/5.4.1/../../../../arm-none-eabi/lib/armv7-m\libg_nano.a(lib_a-locale.o)
                0x1fff8180                . = ALIGN (0x8)
 *(.ram)
                0x1fff8180                _edata = .

.igot.plt       0x1fff8180        0x0 load address 0x000041d0
 .igot.plt      0x1fff8180        0x0 c:/program files (x86)/cypress/psoc creator/4.2/psoc creator/import/gnu/arm/5.4.1/bin/../lib/gcc/arm-none-eabi/5.4.1/armv7-m/crtbegin.o

.bss            0x1fff8180       0x40 load address 0x000041d0
                0x1fff8180                PROVIDE (__bss_start__, .)
 *(.shbss)
 *(.bss .bss.* .gnu.linkonce.b.*)
 .bss           0x1fff8180       0x1c c:/program files (x86)/cypress/psoc creator/4.2/psoc creator/import/gnu/arm/5.4.1/bin/../lib/gcc/arm-none-eabi/5.4.1/armv7-m/crtbegin.o
 .bss           0x1fff819c        0x2 .\CortexM3\ARM_GCC_541\Debug\ADC_multicanal.a(LCD.o)
                0x1fff819c                LCD_enableState
                0x1fff819d                LCD_initVar
 *fill*         0x1fff819e        0x2 
 .bss           0x1fff81a0        0xc .\CortexM3\ARM_GCC_541\Debug\ADC_multicanal.a(ADC.o)
                0x1fff81a4                ADC_stopConversion
                0x1fff81a5                ADC_convDone
                0x1fff81a6                ADC_initVar
                0x1fff81a7                ADC_started
                0x1fff81a8                ADC_Offset
 .bss           0x1fff81ac        0x1 .\CortexM3\ARM_GCC_541\Debug\ADC_multicanal.a(PWM.o)
                0x1fff81ac                PWM_initVar
 *fill*         0x1fff81ad        0x3 
 .bss.__malloc_sbrk_start
                0x1fff81b0        0x4 c:/program files (x86)/cypress/psoc creator/4.2/psoc creator/import/gnu/arm/5.4.1/bin/../lib/gcc/arm-none-eabi/5.4.1/../../../../arm-none-eabi/lib/armv7-m\libg_nano.a(lib_a-nano-mallocr.o)
                0x1fff81b0                __malloc_sbrk_start
 .bss.__malloc_free_list
                0x1fff81b4        0x4 c:/program files (x86)/cypress/psoc creator/4.2/psoc creator/import/gnu/arm/5.4.1/bin/../lib/gcc/arm-none-eabi/5.4.1/../../../../arm-none-eabi/lib/armv7-m\libg_nano.a(lib_a-nano-mallocr.o)
                0x1fff81b4                __malloc_free_list
 *(COMMON)
 COMMON         0x1fff81b8        0x4 .\CortexM3\ARM_GCC_541\Debug\ADC_multicanal.a(ADC.o)
                0x1fff81b8                ADC_CountsPerVolt
 COMMON         0x1fff81bc        0x4 c:/program files (x86)/cypress/psoc creator/4.2/psoc creator/import/gnu/arm/5.4.1/bin/../lib/gcc/arm-none-eabi/5.4.1/../../../../arm-none-eabi/lib/armv7-m\libg_nano.a(lib_a-reent.o)
                0x1fff81bc                errno
                0x1fff81c0                . = ALIGN (0x8)
 *(.ram.b)
                0x1fff81c0                _end = .
                0x1fff81c0                __end = .
                0x1fff81c0                PROVIDE (end, .)
                0x1fff81c0                PROVIDE (__bss_end__, .)
                0x00004118                __cy_region_init_ram = LOADADDR (.data)
                0x000000b8                __cy_region_init_size_ram = (_edata - ADDR (.data))
                0x00000040                __cy_region_zero_size_ram = (_end - _edata)

.heap           0x1fff81c0      0x200 load address 0x000041d0
                0x1fff81c0                . = _end
                0x1fff83c0                . = (. + 0x200)
 *fill*         0x1fff81c0      0x200 
                0x1fff83c0                __cy_heap_limit = .

.stack          0x20007800      0x800
                0x20007800                __cy_stack_limit = .
                0x20008000                . = (. + 0x800)
 *fill*         0x20007800      0x800 
                0x00000001                ASSERT ((__cy_stack_limit >= __cy_heap_limit), region RAM overflowed with stack)
                0x00000000                cy_checksum_exclude_size = (CY_APPL_LOADABLE == 0x1)?SIZEOF (.cy_checksum_exclude):0x0
                0x00000001                ASSERT ((cy_checksum_exclude_size <= CY_CHECKSUM_EXCLUDE_SIZE), CY_BOOT: Section .cy_checksum_exclude size exceedes specified limit.)

.cyloadermeta
 *(.cyloadermeta)

.cyloadablemeta
 *(.cyloadablemeta)

.cyconfigecc    0x80000000      0x184
 *(.cyconfigecc)
 .cyconfigecc   0x80000000      0x184 .\CortexM3\ARM_GCC_541\Debug\cymetadata.o
                0x80000000                cy_meta_configecc

.cycustnvl      0x90000000        0x4
 *(.cycustnvl)
 .cycustnvl     0x90000000        0x4 .\CortexM3\ARM_GCC_541\Debug\cymetadata.o
                0x90000000                cy_meta_custnvl

.cywolatch      0x90100000        0x4
 *(.cywolatch)
 .cywolatch     0x90100000        0x4 .\CortexM3\ARM_GCC_541\Debug\cymetadata.o
                0x90100000                cy_meta_wonvl

.cyeeprom       0x90200000        0x0
 *(.cyeeprom)
                0x00000001                ASSERT ((. <= ((0x90200000 + ee_offset) + ee_size)), .cyeeprom data will not fit in EEPROM)

.cyflashprotect
                0x90400000      0x100
 *(.cyflashprotect)
 .cyflashprotect
                0x90400000      0x100 .\CortexM3\ARM_GCC_541\Debug\cymetadata.o
                0x90400000                cy_meta_flashprotect

.cymeta         0x90500000        0xc
 *(.cymeta)
 .cymeta        0x90500000        0xc .\CortexM3\ARM_GCC_541\Debug\cymetadata.o
                0x90500000                cy_metadata

.rel.dyn        0x000041d0        0x0 load address 0x9050000c
 .rel.iplt      0x000041d0        0x0 c:/program files (x86)/cypress/psoc creator/4.2/psoc creator/import/gnu/arm/5.4.1/bin/../lib/gcc/arm-none-eabi/5.4.1/armv7-m/crtbegin.o

.stab
 *(.stab)

.stabstr
 *(.stabstr)

.debug
 *(.debug)

.line
 *(.line)

.debug_srcinfo
 *(.debug_srcinfo)

.debug_sfnames
 *(.debug_sfnames)

.debug_aranges  0x00000000      0x8f0
 *(.debug_aranges)
 .debug_aranges
                0x00000000       0x20 .\CortexM3\ARM_GCC_541\Debug\main.o
 .debug_aranges
                0x00000020       0x78 .\CortexM3\ARM_GCC_541\Debug\cyfitter_cfg.o
 .debug_aranges
                0x00000098       0x18 .\CortexM3\ARM_GCC_541\Debug\cymetadata.o
 .debug_aranges
                0x000000b0       0x48 .\CortexM3\ARM_GCC_541\Debug\Cm3Start.o
 .debug_aranges
                0x000000f8       0x90 .\CortexM3\ARM_GCC_541\Debug\ADC_multicanal.a(LCD.o)
 .debug_aranges
                0x00000188       0xe8 .\CortexM3\ARM_GCC_541\Debug\ADC_multicanal.a(ADC.o)
 .debug_aranges
                0x00000270       0x38 .\CortexM3\ARM_GCC_541\Debug\ADC_multicanal.a(ADC_INT.o)
 .debug_aranges
                0x000002a8       0x30 .\CortexM3\ARM_GCC_541\Debug\ADC_multicanal.a(AMux.o)
 .debug_aranges
                0x000002d8       0x98 .\CortexM3\ARM_GCC_541\Debug\ADC_multicanal.a(PWM.o)
 .debug_aranges
                0x00000370       0x30 .\CortexM3\ARM_GCC_541\Debug\ADC_multicanal.a(ADC_AMux.o)
 .debug_aranges
                0x000003a0       0x70 .\CortexM3\ARM_GCC_541\Debug\ADC_multicanal.a(ADC_Ext_CP_Clk.o)
 .debug_aranges
                0x00000410       0x80 .\CortexM3\ARM_GCC_541\Debug\ADC_multicanal.a(ADC_theACLK.o)
 .debug_aranges
                0x00000490      0x2a0 .\CortexM3\ARM_GCC_541\Debug\ADC_multicanal.a(CyLib.o)
 .debug_aranges
                0x00000730       0x98 .\CortexM3\ARM_GCC_541\Debug\ADC_multicanal.a(cyPm.o)
 .debug_aranges
                0x000007c8       0x20 .\CortexM3\ARM_GCC_541\Debug\ADC_multicanal.a(CyBootAsmGnu.o)
 .debug_aranges
                0x000007e8       0x88 .\CortexM3\ARM_GCC_541\Debug\ADC_multicanal.a(CyFlash.o)
 .debug_aranges
                0x00000870       0x80 .\CortexM3\ARM_GCC_541\Debug\ADC_multicanal.a(CySpc.o)

.debug_pubnames
 *(.debug_pubnames)

.debug_info     0x00000000     0x5647
 *(.debug_info .gnu.linkonce.wi.*)
 .debug_info    0x00000000      0x464 .\CortexM3\ARM_GCC_541\Debug\main.o
 .debug_info    0x00000464      0x65c .\CortexM3\ARM_GCC_541\Debug\cyfitter_cfg.o
 .debug_info    0x00000ac0      0x135 .\CortexM3\ARM_GCC_541\Debug\cymetadata.o
 .debug_info    0x00000bf5      0x3bb .\CortexM3\ARM_GCC_541\Debug\Cm3Start.o
 .debug_info    0x00000fb0      0x695 .\CortexM3\ARM_GCC_541\Debug\ADC_multicanal.a(LCD.o)
 .debug_info    0x00001645      0xa1d .\CortexM3\ARM_GCC_541\Debug\ADC_multicanal.a(ADC.o)
 .debug_info    0x00002062       0xd3 .\CortexM3\ARM_GCC_541\Debug\ADC_multicanal.a(ADC_INT.o)
 .debug_info    0x00002135      0x165 .\CortexM3\ARM_GCC_541\Debug\ADC_multicanal.a(AMux.o)
 .debug_info    0x0000229a      0x334 .\CortexM3\ARM_GCC_541\Debug\ADC_multicanal.a(PWM.o)
 .debug_info    0x000025ce      0x165 .\CortexM3\ARM_GCC_541\Debug\ADC_multicanal.a(ADC_AMux.o)
 .debug_info    0x00002733      0x283 .\CortexM3\ARM_GCC_541\Debug\ADC_multicanal.a(ADC_Ext_CP_Clk.o)
 .debug_info    0x000029b6      0x2c4 .\CortexM3\ARM_GCC_541\Debug\ADC_multicanal.a(ADC_theACLK.o)
 .debug_info    0x00002c7a     0x1374 .\CortexM3\ARM_GCC_541\Debug\ADC_multicanal.a(CyLib.o)
 .debug_info    0x00003fee      0xa2a .\CortexM3\ARM_GCC_541\Debug\ADC_multicanal.a(cyPm.o)
 .debug_info    0x00004a18       0x92 .\CortexM3\ARM_GCC_541\Debug\ADC_multicanal.a(CyBootAsmGnu.o)
 .debug_info    0x00004aaa      0x64d .\CortexM3\ARM_GCC_541\Debug\ADC_multicanal.a(CyFlash.o)
 .debug_info    0x000050f7      0x550 .\CortexM3\ARM_GCC_541\Debug\ADC_multicanal.a(CySpc.o)

.debug_abbrev   0x00000000     0x14fc
 *(.debug_abbrev)
 .debug_abbrev  0x00000000       0xed .\CortexM3\ARM_GCC_541\Debug\main.o
 .debug_abbrev  0x000000ed      0x21e .\CortexM3\ARM_GCC_541\Debug\cyfitter_cfg.o
 .debug_abbrev  0x0000030b       0x66 .\CortexM3\ARM_GCC_541\Debug\cymetadata.o
 .debug_abbrev  0x00000371      0x1e8 .\CortexM3\ARM_GCC_541\Debug\Cm3Start.o
 .debug_abbrev  0x00000559      0x157 .\CortexM3\ARM_GCC_541\Debug\ADC_multicanal.a(LCD.o)
 .debug_abbrev  0x000006b0      0x1cd .\CortexM3\ARM_GCC_541\Debug\ADC_multicanal.a(ADC.o)
 .debug_abbrev  0x0000087d       0x42 .\CortexM3\ARM_GCC_541\Debug\ADC_multicanal.a(ADC_INT.o)
 .debug_abbrev  0x000008bf       0xb1 .\CortexM3\ARM_GCC_541\Debug\ADC_multicanal.a(AMux.o)
 .debug_abbrev  0x00000970      0x133 .\CortexM3\ARM_GCC_541\Debug\ADC_multicanal.a(PWM.o)
 .debug_abbrev  0x00000aa3       0xb1 .\CortexM3\ARM_GCC_541\Debug\ADC_multicanal.a(ADC_AMux.o)
 .debug_abbrev  0x00000b54      0x139 .\CortexM3\ARM_GCC_541\Debug\ADC_multicanal.a(ADC_Ext_CP_Clk.o)
 .debug_abbrev  0x00000c8d      0x121 .\CortexM3\ARM_GCC_541\Debug\ADC_multicanal.a(ADC_theACLK.o)
 .debug_abbrev  0x00000dae      0x254 .\CortexM3\ARM_GCC_541\Debug\ADC_multicanal.a(CyLib.o)
 .debug_abbrev  0x00001002      0x1ab .\CortexM3\ARM_GCC_541\Debug\ADC_multicanal.a(cyPm.o)
 .debug_abbrev  0x000011ad       0x14 .\CortexM3\ARM_GCC_541\Debug\ADC_multicanal.a(CyBootAsmGnu.o)
 .debug_abbrev  0x000011c1      0x1a7 .\CortexM3\ARM_GCC_541\Debug\ADC_multicanal.a(CyFlash.o)
 .debug_abbrev  0x00001368      0x194 .\CortexM3\ARM_GCC_541\Debug\ADC_multicanal.a(CySpc.o)

.debug_line     0x00000000     0x241e
 *(.debug_line)
 .debug_line    0x00000000      0x2b1 .\CortexM3\ARM_GCC_541\Debug\main.o
 .debug_line    0x000002b1      0x231 .\CortexM3\ARM_GCC_541\Debug\cyfitter_cfg.o
 .debug_line    0x000004e2      0x141 .\CortexM3\ARM_GCC_541\Debug\cymetadata.o
 .debug_line    0x00000623      0x234 .\CortexM3\ARM_GCC_541\Debug\Cm3Start.o
 .debug_line    0x00000857      0x195 .\CortexM3\ARM_GCC_541\Debug\ADC_multicanal.a(LCD.o)
 .debug_line    0x000009ec      0x364 .\CortexM3\ARM_GCC_541\Debug\ADC_multicanal.a(ADC.o)
 .debug_line    0x00000d50       0x80 .\CortexM3\ARM_GCC_541\Debug\ADC_multicanal.a(ADC_INT.o)
 .debug_line    0x00000dd0       0xa8 .\CortexM3\ARM_GCC_541\Debug\ADC_multicanal.a(AMux.o)
 .debug_line    0x00000e78      0x183 .\CortexM3\ARM_GCC_541\Debug\ADC_multicanal.a(PWM.o)
 .debug_line    0x00000ffb       0xac .\CortexM3\ARM_GCC_541\Debug\ADC_multicanal.a(ADC_AMux.o)
 .debug_line    0x000010a7      0x17d .\CortexM3\ARM_GCC_541\Debug\ADC_multicanal.a(ADC_Ext_CP_Clk.o)
 .debug_line    0x00001224      0x19d .\CortexM3\ARM_GCC_541\Debug\ADC_multicanal.a(ADC_theACLK.o)
 .debug_line    0x000013c1      0x816 .\CortexM3\ARM_GCC_541\Debug\ADC_multicanal.a(CyLib.o)
 .debug_line    0x00001bd7      0x367 .\CortexM3\ARM_GCC_541\Debug\ADC_multicanal.a(cyPm.o)
 .debug_line    0x00001f3e       0x66 .\CortexM3\ARM_GCC_541\Debug\ADC_multicanal.a(CyBootAsmGnu.o)
 .debug_line    0x00001fa4      0x21a .\CortexM3\ARM_GCC_541\Debug\ADC_multicanal.a(CyFlash.o)
 .debug_line    0x000021be      0x260 .\CortexM3\ARM_GCC_541\Debug\ADC_multicanal.a(CySpc.o)

.debug_frame    0x00000000     0x1f10
 *(.debug_frame)
 .debug_frame   0x00000000       0x34 .\CortexM3\ARM_GCC_541\Debug\main.o
 .debug_frame   0x00000034      0x13c .\CortexM3\ARM_GCC_541\Debug\cyfitter_cfg.o
 .debug_frame   0x00000170       0xb8 .\CortexM3\ARM_GCC_541\Debug\Cm3Start.o
 .debug_frame   0x00000228      0x1c4 .\CortexM3\ARM_GCC_541\Debug\ADC_multicanal.a(LCD.o)
 .debug_frame   0x000003ec      0x290 .\CortexM3\ARM_GCC_541\Debug\ADC_multicanal.a(ADC.o)
 .debug_frame   0x0000067c       0x50 .\CortexM3\ARM_GCC_541\Debug\ADC_multicanal.a(ADC_INT.o)
 .debug_frame   0x000006cc       0x64 .\CortexM3\ARM_GCC_541\Debug\ADC_multicanal.a(AMux.o)
 .debug_frame   0x00000730      0x134 .\CortexM3\ARM_GCC_541\Debug\ADC_multicanal.a(PWM.o)
 .debug_frame   0x00000864       0x64 .\CortexM3\ARM_GCC_541\Debug\ADC_multicanal.a(ADC_AMux.o)
 .debug_frame   0x000008c8       0xe0 .\CortexM3\ARM_GCC_541\Debug\ADC_multicanal.a(ADC_Ext_CP_Clk.o)
 .debug_frame   0x000009a8      0x100 .\CortexM3\ARM_GCC_541\Debug\ADC_multicanal.a(ADC_theACLK.o)
 .debug_frame   0x00000aa8      0x738 .\CortexM3\ARM_GCC_541\Debug\ADC_multicanal.a(CyLib.o)
 .debug_frame   0x000011e0      0x1f8 .\CortexM3\ARM_GCC_541\Debug\ADC_multicanal.a(cyPm.o)
 .debug_frame   0x000013d8      0x194 .\CortexM3\ARM_GCC_541\Debug\ADC_multicanal.a(CyFlash.o)
 .debug_frame   0x0000156c      0x180 .\CortexM3\ARM_GCC_541\Debug\ADC_multicanal.a(CySpc.o)
 .debug_frame   0x000016ec       0x20 c:/program files (x86)/cypress/psoc creator/4.2/psoc creator/import/gnu/arm/5.4.1/bin/../lib/gcc/arm-none-eabi/5.4.1/../../../../arm-none-eabi/lib/armv7-m\libg_nano.a(lib_a-errno.o)
 .debug_frame   0x0000170c       0x28 c:/program files (x86)/cypress/psoc creator/4.2/psoc creator/import/gnu/arm/5.4.1/bin/../lib/gcc/arm-none-eabi/5.4.1/../../../../arm-none-eabi/lib/armv7-m\libg_nano.a(lib_a-exit.o)
 .debug_frame   0x00001734       0x2c c:/program files (x86)/cypress/psoc creator/4.2/psoc creator/import/gnu/arm/5.4.1/bin/../lib/gcc/arm-none-eabi/5.4.1/../../../../arm-none-eabi/lib/armv7-m\libg_nano.a(lib_a-init.o)
 .debug_frame   0x00001760       0x28 c:/program files (x86)/cypress/psoc creator/4.2/psoc creator/import/gnu/arm/5.4.1/bin/../lib/gcc/arm-none-eabi/5.4.1/../../../../arm-none-eabi/lib/armv7-m\libg_nano.a(lib_a-memcpy-stub.o)
 .debug_frame   0x00001788       0x20 c:/program files (x86)/cypress/psoc creator/4.2/psoc creator/import/gnu/arm/5.4.1/bin/../lib/gcc/arm-none-eabi/5.4.1/../../../../arm-none-eabi/lib/armv7-m\libg_nano.a(lib_a-memset.o)
 .debug_frame   0x000017a8       0x8c c:/program files (x86)/cypress/psoc creator/4.2/psoc creator/import/gnu/arm/5.4.1/bin/../lib/gcc/arm-none-eabi/5.4.1/../../../../arm-none-eabi/lib/armv7-m\libg_nano.a(lib_a-nano-vfprintf_float.o)
 .debug_frame   0x00001834       0x60 c:/program files (x86)/cypress/psoc creator/4.2/psoc creator/import/gnu/arm/5.4.1/bin/../lib/gcc/arm-none-eabi/5.4.1/../../../../arm-none-eabi/lib/armv7-m\libg_nano.a(lib_a-nano-vfprintf_i.o)
 .debug_frame   0x00001894       0x70 c:/program files (x86)/cypress/psoc creator/4.2/psoc creator/import/gnu/arm/5.4.1/bin/../lib/gcc/arm-none-eabi/5.4.1/../../../../arm-none-eabi/lib/armv7-m\libg_nano.a(lib_a-sprintf.o)
 .debug_frame   0x00001904       0x6c c:/program files (x86)/cypress/psoc creator/4.2/psoc creator/import/gnu/arm/5.4.1/bin/../lib/gcc/arm-none-eabi/5.4.1/../../../../arm-none-eabi/lib/armv7-m\libg_nano.a(lib_a-dtoa.o)
 .debug_frame   0x00001970       0x98 c:/program files (x86)/cypress/psoc creator/4.2/psoc creator/import/gnu/arm/5.4.1/bin/../lib/gcc/arm-none-eabi/5.4.1/../../../../arm-none-eabi/lib/armv7-m\libg_nano.a(lib_a-locale.o)
 .debug_frame   0x00001a08       0x30 c:/program files (x86)/cypress/psoc creator/4.2/psoc creator/import/gnu/arm/5.4.1/bin/../lib/gcc/arm-none-eabi/5.4.1/../../../../arm-none-eabi/lib/armv7-m\libg_nano.a(lib_a-malloc.o)
 .debug_frame   0x00001a38       0x28 c:/program files (x86)/cypress/psoc creator/4.2/psoc creator/import/gnu/arm/5.4.1/bin/../lib/gcc/arm-none-eabi/5.4.1/../../../../arm-none-eabi/lib/armv7-m\libg_nano.a(lib_a-memchr-stub.o)
 .debug_frame   0x00001a60      0x234 c:/program files (x86)/cypress/psoc creator/4.2/psoc creator/import/gnu/arm/5.4.1/bin/../lib/gcc/arm-none-eabi/5.4.1/../../../../arm-none-eabi/lib/armv7-m\libg_nano.a(lib_a-mprec.o)
 .debug_frame   0x00001c94       0x2c c:/program files (x86)/cypress/psoc creator/4.2/psoc creator/import/gnu/arm/5.4.1/bin/../lib/gcc/arm-none-eabi/5.4.1/../../../../arm-none-eabi/lib/armv7-m\libg_nano.a(lib_a-nano-callocr.o)
 .debug_frame   0x00001cc0       0x38 c:/program files (x86)/cypress/psoc creator/4.2/psoc creator/import/gnu/arm/5.4.1/bin/../lib/gcc/arm-none-eabi/5.4.1/../../../../arm-none-eabi/lib/armv7-m\libg_nano.a(lib_a-nano-freer.o)
 .debug_frame   0x00001cf8       0x2c c:/program files (x86)/cypress/psoc creator/4.2/psoc creator/import/gnu/arm/5.4.1/bin/../lib/gcc/arm-none-eabi/5.4.1/../../../../arm-none-eabi/lib/armv7-m\libg_nano.a(lib_a-nano-mallocr.o)
 .debug_frame   0x00001d24       0x90 c:/program files (x86)/cypress/psoc creator/4.2/psoc creator/import/gnu/arm/5.4.1/bin/../lib/gcc/arm-none-eabi/5.4.1/../../../../arm-none-eabi/lib/armv7-m\libg_nano.a(lib_a-nano-svfprintf.o)
 .debug_frame   0x00001db4       0x2c c:/program files (x86)/cypress/psoc creator/4.2/psoc creator/import/gnu/arm/5.4.1/bin/../lib/gcc/arm-none-eabi/5.4.1/../../../../arm-none-eabi/lib/armv7-m\libg_nano.a(lib_a-sbrkr.o)
 .debug_frame   0x00001de0       0x20 c:/program files (x86)/cypress/psoc creator/4.2/psoc creator/import/gnu/arm/5.4.1/bin/../lib/gcc/arm-none-eabi/5.4.1/../../../../arm-none-eabi/lib/armv7-m\libg_nano.a(lib_a-strcmp.o)
 .debug_frame   0x00001e00       0x28 c:/program files (x86)/cypress/psoc creator/4.2/psoc creator/import/gnu/arm/5.4.1/bin/../lib/gcc/arm-none-eabi/5.4.1/../../../../arm-none-eabi/lib/armv7-m\libg_nano.a(lib_a-memmove.o)
 .debug_frame   0x00001e28       0x30 c:/program files (x86)/cypress/psoc creator/4.2/psoc creator/import/gnu/arm/5.4.1/bin/../lib/gcc/arm-none-eabi/5.4.1/../../../../arm-none-eabi/lib/armv7-m\libg_nano.a(lib_a-mlock.o)
 .debug_frame   0x00001e58       0x3c c:/program files (x86)/cypress/psoc creator/4.2/psoc creator/import/gnu/arm/5.4.1/bin/../lib/gcc/arm-none-eabi/5.4.1/../../../../arm-none-eabi/lib/armv7-m\libg_nano.a(lib_a-nano-reallocr.o)
 .debug_frame   0x00001e94       0x5c c:/program files (x86)/cypress/psoc creator/4.2/psoc creator/import/gnu/arm/5.4.1/bin/../lib/gcc/arm-none-eabi/5.4.1/../../../../arm-none-eabi/lib/armv7-m\libg_nano.a(lib_a-reent.o)
 .debug_frame   0x00001ef0       0x20 c:/program files (x86)/cypress/psoc creator/4.2/psoc creator/import/gnu/arm/5.4.1/bin/../lib/gcc/arm-none-eabi/5.4.1/../../../../arm-none-eabi/lib/armv7-m\libg_nano.a(lib_a-nano-msizer.o)

.debug_str      0x00000000     0x1cf6
 *(.debug_str)
 .debug_str     0x00000000      0x228 .\CortexM3\ARM_GCC_541\Debug\main.o
                                0x291 (size before relaxing)
 .debug_str     0x00000228      0x1d3 .\CortexM3\ARM_GCC_541\Debug\cyfitter_cfg.o
                                0x391 (size before relaxing)
 .debug_str     0x000003fb       0x7f .\CortexM3\ARM_GCC_541\Debug\cymetadata.o
                                0x1e6 (size before relaxing)
 .debug_str     0x0000047a      0x144 .\CortexM3\ARM_GCC_541\Debug\Cm3Start.o
                                0x30c (size before relaxing)
 .debug_str     0x000005be      0x150 .\CortexM3\ARM_GCC_541\Debug\ADC_multicanal.a(LCD.o)
                                0x30c (size before relaxing)
 .debug_str     0x0000070e      0x371 .\CortexM3\ARM_GCC_541\Debug\ADC_multicanal.a(ADC.o)
                                0x5cb (size before relaxing)
 .debug_str     0x00000a7f       0x45 .\CortexM3\ARM_GCC_541\Debug\ADC_multicanal.a(ADC_INT.o)
                                0x1c2 (size before relaxing)
 .debug_str     0x00000ac4       0x23 .\CortexM3\ARM_GCC_541\Debug\ADC_multicanal.a(AMux.o)
                                0x1e5 (size before relaxing)
 .debug_str     0x00000ae7      0x156 .\CortexM3\ARM_GCC_541\Debug\ADC_multicanal.a(PWM.o)
                                0x32d (size before relaxing)
 .debug_str     0x00000c3d       0x5a .\CortexM3\ARM_GCC_541\Debug\ADC_multicanal.a(ADC_AMux.o)
                                0x201 (size before relaxing)
 .debug_str     0x00000c97      0x173 .\CortexM3\ARM_GCC_541\Debug\ADC_multicanal.a(ADC_Ext_CP_Clk.o)
                                0x344 (size before relaxing)
 .debug_str     0x00000e0a      0x14f .\CortexM3\ARM_GCC_541\Debug\ADC_multicanal.a(ADC_theACLK.o)
                                0x363 (size before relaxing)
 .debug_str     0x00000f59      0x7d1 .\CortexM3\ARM_GCC_541\Debug\ADC_multicanal.a(CyLib.o)
                                0xa49 (size before relaxing)
 .debug_str     0x0000172a      0x365 .\CortexM3\ARM_GCC_541\Debug\ADC_multicanal.a(cyPm.o)
                                0x735 (size before relaxing)
 .debug_str     0x00001a8f      0x1bb .\CortexM3\ARM_GCC_541\Debug\ADC_multicanal.a(CyFlash.o)
                                0x3c2 (size before relaxing)
 .debug_str     0x00001c4a       0xac .\CortexM3\ARM_GCC_541\Debug\ADC_multicanal.a(CySpc.o)
                                0x33a (size before relaxing)

.debug_loc      0x00000000     0x2802
 *(.debug_loc)
 .debug_loc     0x00000000       0x13 .\CortexM3\ARM_GCC_541\Debug\main.o
 .debug_loc     0x00000013      0x2c7 .\CortexM3\ARM_GCC_541\Debug\cyfitter_cfg.o
 .debug_loc     0x000002da      0x144 .\CortexM3\ARM_GCC_541\Debug\Cm3Start.o
 .debug_loc     0x0000041e      0x300 .\CortexM3\ARM_GCC_541\Debug\ADC_multicanal.a(LCD.o)
 .debug_loc     0x0000071e      0x6c1 .\CortexM3\ARM_GCC_541\Debug\ADC_multicanal.a(ADC.o)
 .debug_loc     0x00000ddf       0x6c .\CortexM3\ARM_GCC_541\Debug\ADC_multicanal.a(AMux.o)
 .debug_loc     0x00000e4b       0x26 .\CortexM3\ARM_GCC_541\Debug\ADC_multicanal.a(PWM.o)
 .debug_loc     0x00000e71       0x6c .\CortexM3\ARM_GCC_541\Debug\ADC_multicanal.a(ADC_AMux.o)
 .debug_loc     0x00000edd      0x12c .\CortexM3\ARM_GCC_541\Debug\ADC_multicanal.a(ADC_Ext_CP_Clk.o)
 .debug_loc     0x00001009      0x14d .\CortexM3\ARM_GCC_541\Debug\ADC_multicanal.a(ADC_theACLK.o)
 .debug_loc     0x00001156      0xa11 .\CortexM3\ARM_GCC_541\Debug\ADC_multicanal.a(CyLib.o)
 .debug_loc     0x00001b67      0x1e4 .\CortexM3\ARM_GCC_541\Debug\ADC_multicanal.a(cyPm.o)
 .debug_loc     0x00001d4b      0x3b2 .\CortexM3\ARM_GCC_541\Debug\ADC_multicanal.a(CyFlash.o)
 .debug_loc     0x000020fd      0x705 .\CortexM3\ARM_GCC_541\Debug\ADC_multicanal.a(CySpc.o)

.debug_macinfo
 *(.debug_macinfo)

.debug_ranges   0x00000000      0x7c8
 *(.debug_ranges)
 .debug_ranges  0x00000000       0x10 .\CortexM3\ARM_GCC_541\Debug\main.o
 .debug_ranges  0x00000010       0x68 .\CortexM3\ARM_GCC_541\Debug\cyfitter_cfg.o
 .debug_ranges  0x00000078       0x38 .\CortexM3\ARM_GCC_541\Debug\Cm3Start.o
 .debug_ranges  0x000000b0       0x80 .\CortexM3\ARM_GCC_541\Debug\ADC_multicanal.a(LCD.o)
 .debug_ranges  0x00000130       0xd8 .\CortexM3\ARM_GCC_541\Debug\ADC_multicanal.a(ADC.o)
 .debug_ranges  0x00000208       0x28 .\CortexM3\ARM_GCC_541\Debug\ADC_multicanal.a(ADC_INT.o)
 .debug_ranges  0x00000230       0x20 .\CortexM3\ARM_GCC_541\Debug\ADC_multicanal.a(AMux.o)
 .debug_ranges  0x00000250       0x88 .\CortexM3\ARM_GCC_541\Debug\ADC_multicanal.a(PWM.o)
 .debug_ranges  0x000002d8       0x20 .\CortexM3\ARM_GCC_541\Debug\ADC_multicanal.a(ADC_AMux.o)
 .debug_ranges  0x000002f8       0x60 .\CortexM3\ARM_GCC_541\Debug\ADC_multicanal.a(ADC_Ext_CP_Clk.o)
 .debug_ranges  0x00000358       0x70 .\CortexM3\ARM_GCC_541\Debug\ADC_multicanal.a(ADC_theACLK.o)
 .debug_ranges  0x000003c8      0x290 .\CortexM3\ARM_GCC_541\Debug\ADC_multicanal.a(CyLib.o)
 .debug_ranges  0x00000658       0x88 .\CortexM3\ARM_GCC_541\Debug\ADC_multicanal.a(cyPm.o)
 .debug_ranges  0x000006e0       0x78 .\CortexM3\ARM_GCC_541\Debug\ADC_multicanal.a(CyFlash.o)
 .debug_ranges  0x00000758       0x70 .\CortexM3\ARM_GCC_541\Debug\ADC_multicanal.a(CySpc.o)

.comment        0x00000000       0x6e
 .comment       0x00000000       0x6e .\CortexM3\ARM_GCC_541\Debug\main.o
                                 0x6f (size before relaxing)
 .comment       0x0000006e       0x6f .\CortexM3\ARM_GCC_541\Debug\cyfitter_cfg.o
 .comment       0x0000006e       0x6f .\CortexM3\ARM_GCC_541\Debug\cymetadata.o
 .comment       0x0000006e       0x6f .\CortexM3\ARM_GCC_541\Debug\Cm3Start.o
 .comment       0x0000006e       0x6f .\CortexM3\ARM_GCC_541\Debug\ADC_multicanal.a(LCD.o)
 .comment       0x0000006e       0x6f .\CortexM3\ARM_GCC_541\Debug\ADC_multicanal.a(ADC.o)
 .comment       0x0000006e       0x6f .\CortexM3\ARM_GCC_541\Debug\ADC_multicanal.a(ADC_INT.o)
 .comment       0x0000006e       0x6f .\CortexM3\ARM_GCC_541\Debug\ADC_multicanal.a(AMux.o)
 .comment       0x0000006e       0x6f .\CortexM3\ARM_GCC_541\Debug\ADC_multicanal.a(PWM.o)
 .comment       0x0000006e       0x6f .\CortexM3\ARM_GCC_541\Debug\ADC_multicanal.a(ADC_AMux.o)
 .comment       0x0000006e       0x6f .\CortexM3\ARM_GCC_541\Debug\ADC_multicanal.a(ADC_Ext_CP_Clk.o)
 .comment       0x0000006e       0x6f .\CortexM3\ARM_GCC_541\Debug\ADC_multicanal.a(ADC_theACLK.o)
 .comment       0x0000006e       0x6f .\CortexM3\ARM_GCC_541\Debug\ADC_multicanal.a(CyLib.o)
 .comment       0x0000006e       0x6f .\CortexM3\ARM_GCC_541\Debug\ADC_multicanal.a(cyPm.o)
 .comment       0x0000006e       0x6f .\CortexM3\ARM_GCC_541\Debug\ADC_multicanal.a(CyFlash.o)
 .comment       0x0000006e       0x6f .\CortexM3\ARM_GCC_541\Debug\ADC_multicanal.a(CySpc.o)

.debug_weaknames
 *(.debug_weaknames)

.debug_funcnames
 *(.debug_funcnames)

.debug_typenames
 *(.debug_typenames)

.debug_varnames
 *(.debug_varnames)

.note.gnu.arm.ident
 *(.note.gnu.arm.ident)

.ARM.attributes
                0x00000000       0x29
 *(.ARM.attributes)
 .ARM.attributes
                0x00000000       0x1d c:/program files (x86)/cypress/psoc creator/4.2/psoc creator/import/gnu/arm/5.4.1/bin/../lib/gcc/arm-none-eabi/5.4.1/armv7-m/crti.o
 .ARM.attributes
                0x0000001d       0x2d c:/program files (x86)/cypress/psoc creator/4.2/psoc creator/import/gnu/arm/5.4.1/bin/../lib/gcc/arm-none-eabi/5.4.1/armv7-m/crtbegin.o
 .ARM.attributes
                0x0000004a       0x1b c:/program files (x86)/cypress/psoc creator/4.2/psoc creator/import/gnu/arm/5.4.1/bin/../lib/gcc/arm-none-eabi/5.4.1/../../../../arm-none-eabi/lib/armv7-m/crt0.o
 .ARM.attributes
                0x00000065       0x33 .\CortexM3\ARM_GCC_541\Debug\main.o
 .ARM.attributes
                0x00000098       0x33 .\CortexM3\ARM_GCC_541\Debug\cyfitter_cfg.o
 .ARM.attributes
                0x000000cb       0x33 .\CortexM3\ARM_GCC_541\Debug\cymetadata.o
 .ARM.attributes
                0x000000fe       0x33 .\CortexM3\ARM_GCC_541\Debug\Cm3Start.o
 .ARM.attributes
                0x00000131       0x33 .\CortexM3\ARM_GCC_541\Debug\ADC_multicanal.a(LCD.o)
 .ARM.attributes
                0x00000164       0x33 .\CortexM3\ARM_GCC_541\Debug\ADC_multicanal.a(ADC.o)
 .ARM.attributes
                0x00000197       0x33 .\CortexM3\ARM_GCC_541\Debug\ADC_multicanal.a(ADC_INT.o)
 .ARM.attributes
                0x000001ca       0x33 .\CortexM3\ARM_GCC_541\Debug\ADC_multicanal.a(AMux.o)
 .ARM.attributes
                0x000001fd       0x33 .\CortexM3\ARM_GCC_541\Debug\ADC_multicanal.a(PWM.o)
 .ARM.attributes
                0x00000230       0x33 .\CortexM3\ARM_GCC_541\Debug\ADC_multicanal.a(ADC_AMux.o)
 .ARM.attributes
                0x00000263       0x33 .\CortexM3\ARM_GCC_541\Debug\ADC_multicanal.a(ADC_Ext_CP_Clk.o)
 .ARM.attributes
                0x00000296       0x33 .\CortexM3\ARM_GCC_541\Debug\ADC_multicanal.a(ADC_theACLK.o)
 .ARM.attributes
                0x000002c9       0x33 .\CortexM3\ARM_GCC_541\Debug\ADC_multicanal.a(CyLib.o)
 .ARM.attributes
                0x000002fc       0x33 .\CortexM3\ARM_GCC_541\Debug\ADC_multicanal.a(cyPm.o)
 .ARM.attributes
                0x0000032f       0x21 .\CortexM3\ARM_GCC_541\Debug\ADC_multicanal.a(CyBootAsmGnu.o)
 .ARM.attributes
                0x00000350       0x33 .\CortexM3\ARM_GCC_541\Debug\ADC_multicanal.a(CyFlash.o)
 .ARM.attributes
                0x00000383       0x33 .\CortexM3\ARM_GCC_541\Debug\ADC_multicanal.a(CySpc.o)
 .ARM.attributes
                0x000003b6       0x1d c:/program files (x86)/cypress/psoc creator/4.2/psoc creator/import/gnu/arm/5.4.1/bin/../lib/gcc/arm-none-eabi/5.4.1/armv7-m\libgcc.a(_arm_addsubdf3.o)
 .ARM.attributes
                0x000003d3       0x1d c:/program files (x86)/cypress/psoc creator/4.2/psoc creator/import/gnu/arm/5.4.1/bin/../lib/gcc/arm-none-eabi/5.4.1/armv7-m\libgcc.a(_arm_cmpdf2.o)
 .ARM.attributes
                0x000003f0       0x1d c:/program files (x86)/cypress/psoc creator/4.2/psoc creator/import/gnu/arm/5.4.1/bin/../lib/gcc/arm-none-eabi/5.4.1/armv7-m\libgcc.a(_arm_addsubsf3.o)
 .ARM.attributes
                0x0000040d       0x1d c:/program files (x86)/cypress/psoc creator/4.2/psoc creator/import/gnu/arm/5.4.1/bin/../lib/gcc/arm-none-eabi/5.4.1/armv7-m\libgcc.a(_arm_muldivsf3.o)
 .ARM.attributes
                0x0000042a       0x1d c:/program files (x86)/cypress/psoc creator/4.2/psoc creator/import/gnu/arm/5.4.1/bin/../lib/gcc/arm-none-eabi/5.4.1/armv7-m\libgcc.a(_arm_fixsfsi.o)
 .ARM.attributes
                0x00000447       0x1d c:/program files (x86)/cypress/psoc creator/4.2/psoc creator/import/gnu/arm/5.4.1/bin/../lib/gcc/arm-none-eabi/5.4.1/armv7-m\libgcc.a(_arm_fixunssfsi.o)
 .ARM.attributes
                0x00000464       0x2d c:/program files (x86)/cypress/psoc creator/4.2/psoc creator/import/gnu/arm/5.4.1/bin/../lib/gcc/arm-none-eabi/5.4.1/../../../../arm-none-eabi/lib/armv7-m\libg_nano.a(lib_a-errno.o)
 .ARM.attributes
                0x00000491       0x2d c:/program files (x86)/cypress/psoc creator/4.2/psoc creator/import/gnu/arm/5.4.1/bin/../lib/gcc/arm-none-eabi/5.4.1/../../../../arm-none-eabi/lib/armv7-m\libg_nano.a(lib_a-exit.o)
 .ARM.attributes
                0x000004be       0x2d c:/program files (x86)/cypress/psoc creator/4.2/psoc creator/import/gnu/arm/5.4.1/bin/../lib/gcc/arm-none-eabi/5.4.1/../../../../arm-none-eabi/lib/armv7-m\libg_nano.a(lib_a-impure.o)
 .ARM.attributes
                0x000004eb       0x2d c:/program files (x86)/cypress/psoc creator/4.2/psoc creator/import/gnu/arm/5.4.1/bin/../lib/gcc/arm-none-eabi/5.4.1/../../../../arm-none-eabi/lib/armv7-m\libg_nano.a(lib_a-init.o)
 .ARM.attributes
                0x00000518       0x2d c:/program files (x86)/cypress/psoc creator/4.2/psoc creator/import/gnu/arm/5.4.1/bin/../lib/gcc/arm-none-eabi/5.4.1/../../../../arm-none-eabi/lib/armv7-m\libg_nano.a(lib_a-memcpy-stub.o)
 .ARM.attributes
                0x00000545       0x2d c:/program files (x86)/cypress/psoc creator/4.2/psoc creator/import/gnu/arm/5.4.1/bin/../lib/gcc/arm-none-eabi/5.4.1/../../../../arm-none-eabi/lib/armv7-m\libg_nano.a(lib_a-memset.o)
 .ARM.attributes
                0x00000572       0x2d c:/program files (x86)/cypress/psoc creator/4.2/psoc creator/import/gnu/arm/5.4.1/bin/../lib/gcc/arm-none-eabi/5.4.1/../../../../arm-none-eabi/lib/armv7-m\libg_nano.a(lib_a-nano-vfprintf_float.o)
 .ARM.attributes
                0x0000059f       0x2d c:/program files (x86)/cypress/psoc creator/4.2/psoc creator/import/gnu/arm/5.4.1/bin/../lib/gcc/arm-none-eabi/5.4.1/../../../../arm-none-eabi/lib/armv7-m\libg_nano.a(lib_a-nano-vfprintf_i.o)
 .ARM.attributes
                0x000005cc       0x2d c:/program files (x86)/cypress/psoc creator/4.2/psoc creator/import/gnu/arm/5.4.1/bin/../lib/gcc/arm-none-eabi/5.4.1/../../../../arm-none-eabi/lib/armv7-m\libg_nano.a(lib_a-sprintf.o)
 .ARM.attributes
                0x000005f9       0x17 c:/program files (x86)/cypress/psoc creator/4.2/psoc creator/import/gnu/arm/5.4.1/bin/../lib/gcc/arm-none-eabi/5.4.1/../../../../arm-none-eabi/lib/armv7-m\libg_nano.a(lib_a-strlen.o)
 .ARM.attributes
                0x00000610       0x2d c:/program files (x86)/cypress/psoc creator/4.2/psoc creator/import/gnu/arm/5.4.1/bin/../lib/gcc/arm-none-eabi/5.4.1/../../../../arm-none-eabi/lib/armv7-m\libg_nano.a(lib_a-dtoa.o)
 .ARM.attributes
                0x0000063d       0x2d c:/program files (x86)/cypress/psoc creator/4.2/psoc creator/import/gnu/arm/5.4.1/bin/../lib/gcc/arm-none-eabi/5.4.1/../../../../arm-none-eabi/lib/armv7-m\libg_nano.a(lib_a-locale.o)
 .ARM.attributes
                0x0000066a       0x2d c:/program files (x86)/cypress/psoc creator/4.2/psoc creator/import/gnu/arm/5.4.1/bin/../lib/gcc/arm-none-eabi/5.4.1/../../../../arm-none-eabi/lib/armv7-m\libg_nano.a(lib_a-malloc.o)
 .ARM.attributes
                0x00000697       0x2d c:/program files (x86)/cypress/psoc creator/4.2/psoc creator/import/gnu/arm/5.4.1/bin/../lib/gcc/arm-none-eabi/5.4.1/../../../../arm-none-eabi/lib/armv7-m\libg_nano.a(lib_a-memchr-stub.o)
 .ARM.attributes
                0x000006c4       0x2d c:/program files (x86)/cypress/psoc creator/4.2/psoc creator/import/gnu/arm/5.4.1/bin/../lib/gcc/arm-none-eabi/5.4.1/../../../../arm-none-eabi/lib/armv7-m\libg_nano.a(lib_a-mprec.o)
 .ARM.attributes
                0x000006f1       0x2d c:/program files (x86)/cypress/psoc creator/4.2/psoc creator/import/gnu/arm/5.4.1/bin/../lib/gcc/arm-none-eabi/5.4.1/../../../../arm-none-eabi/lib/armv7-m\libg_nano.a(lib_a-nano-callocr.o)
 .ARM.attributes
                0x0000071e       0x2d c:/program files (x86)/cypress/psoc creator/4.2/psoc creator/import/gnu/arm/5.4.1/bin/../lib/gcc/arm-none-eabi/5.4.1/../../../../arm-none-eabi/lib/armv7-m\libg_nano.a(lib_a-nano-freer.o)
 .ARM.attributes
                0x0000074b       0x2d c:/program files (x86)/cypress/psoc creator/4.2/psoc creator/import/gnu/arm/5.4.1/bin/../lib/gcc/arm-none-eabi/5.4.1/../../../../arm-none-eabi/lib/armv7-m\libg_nano.a(lib_a-nano-mallocr.o)
 .ARM.attributes
                0x00000778       0x2d c:/program files (x86)/cypress/psoc creator/4.2/psoc creator/import/gnu/arm/5.4.1/bin/../lib/gcc/arm-none-eabi/5.4.1/../../../../arm-none-eabi/lib/armv7-m\libg_nano.a(lib_a-nano-svfprintf.o)
 .ARM.attributes
                0x000007a5       0x2d c:/program files (x86)/cypress/psoc creator/4.2/psoc creator/import/gnu/arm/5.4.1/bin/../lib/gcc/arm-none-eabi/5.4.1/../../../../arm-none-eabi/lib/armv7-m\libg_nano.a(lib_a-sbrkr.o)
 .ARM.attributes
                0x000007d2       0x1b c:/program files (x86)/cypress/psoc creator/4.2/psoc creator/import/gnu/arm/5.4.1/bin/../lib/gcc/arm-none-eabi/5.4.1/../../../../arm-none-eabi/lib/armv7-m\libg_nano.a(lib_a-strcmp.o)
 .ARM.attributes
                0x000007ed       0x2d c:/program files (x86)/cypress/psoc creator/4.2/psoc creator/import/gnu/arm/5.4.1/bin/../lib/gcc/arm-none-eabi/5.4.1/../../../../arm-none-eabi/lib/armv7-m\libg_nano.a(lib_a-memmove.o)
 .ARM.attributes
                0x0000081a       0x2d c:/program files (x86)/cypress/psoc creator/4.2/psoc creator/import/gnu/arm/5.4.1/bin/../lib/gcc/arm-none-eabi/5.4.1/../../../../arm-none-eabi/lib/armv7-m\libg_nano.a(lib_a-mlock.o)
 .ARM.attributes
                0x00000847       0x2d c:/program files (x86)/cypress/psoc creator/4.2/psoc creator/import/gnu/arm/5.4.1/bin/../lib/gcc/arm-none-eabi/5.4.1/../../../../arm-none-eabi/lib/armv7-m\libg_nano.a(lib_a-nano-reallocr.o)
 .ARM.attributes
                0x00000874       0x2d c:/program files (x86)/cypress/psoc creator/4.2/psoc creator/import/gnu/arm/5.4.1/bin/../lib/gcc/arm-none-eabi/5.4.1/../../../../arm-none-eabi/lib/armv7-m\libg_nano.a(lib_a-reent.o)
 .ARM.attributes
                0x000008a1       0x2d c:/program files (x86)/cypress/psoc creator/4.2/psoc creator/import/gnu/arm/5.4.1/bin/../lib/gcc/arm-none-eabi/5.4.1/../../../../arm-none-eabi/lib/armv7-m\libg_nano.a(lib_a-nano-msizer.o)
 .ARM.attributes
                0x000008ce       0x1d c:/program files (x86)/cypress/psoc creator/4.2/psoc creator/import/gnu/arm/5.4.1/bin/../lib/gcc/arm-none-eabi/5.4.1/armv7-m\libgcc.a(_arm_muldivdf3.o)
 .ARM.attributes
                0x000008eb       0x1d c:/program files (x86)/cypress/psoc creator/4.2/psoc creator/import/gnu/arm/5.4.1/bin/../lib/gcc/arm-none-eabi/5.4.1/armv7-m\libgcc.a(_arm_unorddf2.o)
 .ARM.attributes
                0x00000908       0x1d c:/program files (x86)/cypress/psoc creator/4.2/psoc creator/import/gnu/arm/5.4.1/bin/../lib/gcc/arm-none-eabi/5.4.1/armv7-m\libgcc.a(_arm_fixdfsi.o)
 .ARM.attributes
                0x00000925       0x2d c:/program files (x86)/cypress/psoc creator/4.2/psoc creator/import/gnu/arm/5.4.1/bin/../lib/gcc/arm-none-eabi/5.4.1/armv7-m/crtend.o
 .ARM.attributes
                0x00000952       0x1d c:/program files (x86)/cypress/psoc creator/4.2/psoc creator/import/gnu/arm/5.4.1/bin/../lib/gcc/arm-none-eabi/5.4.1/armv7-m/crtn.o

/DISCARD/
 *(.note.GNU-stack)
OUTPUT(C:\Users\jdrd3\Documents\PSoC Creator\Ejemplos\ADC_multicanal.cydsn\CortexM3\ARM_GCC_541\Debug\ADC_multicanal.elf elf32-littlearm)
