Archive member included to satisfy reference by file (symbol)

.\CortexM3\ARM_GCC_541\Debug\ADC.a(CyLib.o)
                              .\CortexM3\ARM_GCC_541\Debug\Cm3Start.o (CyHalt)
.\CortexM3\ARM_GCC_541\Debug\ADC.a(cyPm.o)
                              .\CortexM3\ARM_GCC_541\Debug\ADC.a(CyLib.o) (CyPmReadStatus)
.\CortexM3\ARM_GCC_541\Debug\ADC.a(ADC.o)
                              .\CortexM3\ARM_GCC_541\Debug\main.o (ADC_Start)
.\CortexM3\ARM_GCC_541\Debug\ADC.a(ADC_INT.o)
                              .\CortexM3\ARM_GCC_541\Debug\ADC.a(ADC.o) (ADC_ISR1)
.\CortexM3\ARM_GCC_541\Debug\ADC.a(LCD.o)
                              .\CortexM3\ARM_GCC_541\Debug\main.o (LCD_PrintString)
.\CortexM3\ARM_GCC_541\Debug\ADC.a(ADC_AMux.o)
                              .\CortexM3\ARM_GCC_541\Debug\ADC.a(ADC.o) (ADC_AMux_Select)
.\CortexM3\ARM_GCC_541\Debug\ADC.a(ADC_Ext_CP_Clk.o)
                              .\CortexM3\ARM_GCC_541\Debug\ADC.a(ADC.o) (ADC_Ext_CP_Clk_SetModeRegister)
.\CortexM3\ARM_GCC_541\Debug\ADC.a(ADC_theACLK.o)
                              .\CortexM3\ARM_GCC_541\Debug\ADC.a(ADC.o) (ADC_theACLK_SetModeRegister)
.\CortexM3\ARM_GCC_541\Debug\ADC.a(CyBootAsmGnu.o)
                              .\CortexM3\ARM_GCC_541\Debug\cyfitter_cfg.o (CyDelayCycles)
.\CortexM3\ARM_GCC_541\Debug\ADC.a(CyFlash.o)
                              .\CortexM3\ARM_GCC_541\Debug\ADC.a(cyPm.o) (CyFlash_SetWaitCycles)
.\CortexM3\ARM_GCC_541\Debug\ADC.a(CySpc.o)
                              .\CortexM3\ARM_GCC_541\Debug\ADC.a(CyFlash.o) (CySpcStart)
c:/program files (x86)/cypress/psoc creator/4.2/psoc creator/import/gnu/arm/5.4.1/bin/../lib/gcc/arm-none-eabi/5.4.1/armv7-m\libgcc.a(_arm_addsubdf3.o)
                              .\CortexM3\ARM_GCC_541\Debug\main.o (__aeabi_i2d)
c:/program files (x86)/cypress/psoc creator/4.2/psoc creator/import/gnu/arm/5.4.1/bin/../lib/gcc/arm-none-eabi/5.4.1/armv7-m\libgcc.a(_arm_muldivdf3.o)
                              .\CortexM3\ARM_GCC_541\Debug\main.o (__aeabi_dmul)
c:/program files (x86)/cypress/psoc creator/4.2/psoc creator/import/gnu/arm/5.4.1/bin/../lib/gcc/arm-none-eabi/5.4.1/armv7-m\libgcc.a(_arm_cmpdf2.o)
                              .\CortexM3\ARM_GCC_541\Debug\ADC.a(ADC.o) (__aeabi_dcmpgt)
c:/program files (x86)/cypress/psoc creator/4.2/psoc creator/import/gnu/arm/5.4.1/bin/../lib/gcc/arm-none-eabi/5.4.1/armv7-m\libgcc.a(_arm_truncdfsf2.o)
                              .\CortexM3\ARM_GCC_541\Debug\main.o (__aeabi_d2f)
c:/program files (x86)/cypress/psoc creator/4.2/psoc creator/import/gnu/arm/5.4.1/bin/../lib/gcc/arm-none-eabi/5.4.1/armv7-m\libgcc.a(_arm_addsubsf3.o)
                              .\CortexM3\ARM_GCC_541\Debug\ADC.a(ADC.o) (__aeabi_ui2f)
c:/program files (x86)/cypress/psoc creator/4.2/psoc creator/import/gnu/arm/5.4.1/bin/../lib/gcc/arm-none-eabi/5.4.1/armv7-m\libgcc.a(_arm_muldivsf3.o)
                              .\CortexM3\ARM_GCC_541\Debug\ADC.a(ADC.o) (__aeabi_fmul)
c:/program files (x86)/cypress/psoc creator/4.2/psoc creator/import/gnu/arm/5.4.1/bin/../lib/gcc/arm-none-eabi/5.4.1/armv7-m\libgcc.a(_arm_fixunssfsi.o)
                              .\CortexM3\ARM_GCC_541\Debug\ADC.a(ADC.o) (__aeabi_f2uiz)
c:/program files (x86)/cypress/psoc creator/4.2/psoc creator/import/gnu/arm/5.4.1/bin/../lib/gcc/arm-none-eabi/5.4.1/../../../../arm-none-eabi/lib/armv7-m\libg_nano.a(lib_a-errno.o)
                              .\CortexM3\ARM_GCC_541\Debug\Cm3Start.o (__errno)
c:/program files (x86)/cypress/psoc creator/4.2/psoc creator/import/gnu/arm/5.4.1/bin/../lib/gcc/arm-none-eabi/5.4.1/../../../../arm-none-eabi/lib/armv7-m\libg_nano.a(lib_a-exit.o)
                              c:/program files (x86)/cypress/psoc creator/4.2/psoc creator/import/gnu/arm/5.4.1/bin/../lib/gcc/arm-none-eabi/5.4.1/../../../../arm-none-eabi/lib/armv7-m/crt0.o (exit)
c:/program files (x86)/cypress/psoc creator/4.2/psoc creator/import/gnu/arm/5.4.1/bin/../lib/gcc/arm-none-eabi/5.4.1/../../../../arm-none-eabi/lib/armv7-m\libg_nano.a(lib_a-impure.o)
                              c:/program files (x86)/cypress/psoc creator/4.2/psoc creator/import/gnu/arm/5.4.1/bin/../lib/gcc/arm-none-eabi/5.4.1/../../../../arm-none-eabi/lib/armv7-m\libg_nano.a(lib_a-exit.o) (_global_impure_ptr)
c:/program files (x86)/cypress/psoc creator/4.2/psoc creator/import/gnu/arm/5.4.1/bin/../lib/gcc/arm-none-eabi/5.4.1/../../../../arm-none-eabi/lib/armv7-m\libg_nano.a(lib_a-init.o)
                              c:/program files (x86)/cypress/psoc creator/4.2/psoc creator/import/gnu/arm/5.4.1/bin/../lib/gcc/arm-none-eabi/5.4.1/../../../../arm-none-eabi/lib/armv7-m/crt0.o (__libc_init_array)
c:/program files (x86)/cypress/psoc creator/4.2/psoc creator/import/gnu/arm/5.4.1/bin/../lib/gcc/arm-none-eabi/5.4.1/../../../../arm-none-eabi/lib/armv7-m\libg_nano.a(lib_a-memcpy-stub.o)
                              .\CortexM3\ARM_GCC_541\Debug\cyfitter_cfg.o (memcpy)
[...]
Memory Configuration

Name             Origin             Length             Attributes
rom              0x00000000         0x00040000         xr
ram              0x1fff8000         0x00010000         xrw
*default*        0x00000000         0xffffffff

Linker script and memory map

LOAD c:/program files (x86)/cypress/psoc creator/4.2/psoc creator/import/gnu/arm/5.4.1/bin/../lib/gcc/arm-none-eabi/5.4.1/armv7-m/crti.o
LOAD c:/program files (x86)/cypress/psoc creator/4.2/psoc creator/import/gnu/arm/5.4.1/bin/../lib/gcc/arm-none-eabi/5.4.1/armv7-m/crtbegin.o
LOAD c:/program files (x86)/cypress/psoc creator/4.2/psoc creator/import/gnu/arm/5.4.1/bin/../lib/gcc/arm-none-eabi/5.4.1/../../../../arm-none-eabi/lib/armv7-m/crt0.o
START GROUP
LOAD .\CortexM3\ARM_GCC_541\Debug\main.o
LOAD .\CortexM3\ARM_GCC_541\Debug\cyfitter_cfg.o
LOAD .\CortexM3\ARM_GCC_541\Debug\cymetadata.o
LOAD .\CortexM3\ARM_GCC_541\Debug\Cm3Start.o
LOAD .\CortexM3\ARM_GCC_541\Debug\ADC.a
LOAD C:\Program Files (x86)\Cypress\PSoC Creator\4.2\PSoC Creator\psoc\content\cycomponentlibrary\CyComponentLibrary.cylib\CortexM3\ARM_GCC_541\Debug\CyComponentLibrary.a
END GROUP
START GROUP
LOAD c:/program files (x86)/cypress/psoc creator/4.2/psoc creator/import/gnu/arm/5.4.1/bin/../lib/gcc/arm-none-eabi/5.4.1/armv7-m\libgcc.a
LOAD c:/program files (x86)/cypress/psoc creator/4.2/psoc creator/import/gnu/arm/5.4.1/bin/../lib/gcc/arm-none-eabi/5.4.1/../../../../arm-none-eabi/lib/armv7-m\libg_nano.a
LOAD c:/program files (x86)/cypress/psoc creator/4.2/psoc creator/import/gnu/arm/5.4.1/bin/../lib/gcc/arm-none-eabi/5.4.1/../../../../arm-none-eabi/lib/armv7-m\libc_nano.a
END GROUP
START GROUP
LOAD c:/program files (x86)/cypress/psoc creator/4.2/psoc creator/import/gnu/arm/5.4.1/bin/../lib/gcc/arm-none-eabi/5.4.1/armv7-m\libgcc.a
LOAD c:/program files (x86)/cypress/psoc creator/4.2/psoc creator/import/gnu/arm/5.4.1/bin/../lib/gcc/arm-none-eabi/5.4.1/../../../../arm-none-eabi/lib/armv7-m\libc_nano.a
END GROUP
LOAD c:/program files (x86)/cypress/psoc creator/4.2/psoc creator/import/gnu/arm/5.4.1/bin/../lib/gcc/arm-none-eabi/5.4.1/armv7-m/crtend.o
LOAD c:/program files (x86)/cypress/psoc creator/4.2/psoc creator/import/gnu/arm/5.4.1/bin/../lib/gcc/arm-none-eabi/5.4.1/armv7-m/crtn.o
START GROUP
LOAD c:/program files (x86)/cypress/psoc creator/4.2/psoc creator/import/gnu/arm/5.4.1/bin/../lib/gcc/arm-none-eabi/5.4.1/armv7-m\libgcc.a
LOAD c:/program files (x86)/cypress/psoc creator/4.2/psoc creator/import/gnu/arm/5.4.1/bin/../lib/gcc/arm-none-eabi/5.4.1/../../../../arm-none-eabi/lib/armv7-m\libc.a
LOAD c:/program files (x86)/cypress/psoc creator/4.2/psoc creator/import/gnu/arm/5.4.1/bin/../lib/gcc/arm-none-eabi/5.4.1/../../../../arm-none-eabi/lib/armv7-m\libnosys.a
END GROUP
                0x00000000                CY_APPL_ORIGIN = 0x0
                0x00000100                CY_FLASH_ROW_SIZE = 0x100
                0x00000020                CY_ECC_ROW_SIZE = 0x20
                0x00000000                CY_EE_IN_BTLDR = 0x0
                0x00000000                CY_APPL_LOADABLE = 0x0
                0x00000800                CY_EE_SIZE = 0x800
                0x00000001                CY_APPL_NUM = 0x1
                0x00000001                CY_APPL_MAX = 0x1
                0x00000040                CY_METADATA_SIZE = 0x40
                0x00000000                CY_APPL_LOADABLE = 0x0
                0x00000000                CY_CHECKSUM_EXCLUDE_SIZE = ALIGN (0x0, CY_FLASH_ROW_SIZE)
                [!provide]                PROVIDE (__cy_heap_start, _end)
                0x00000001                PROVIDE (__cy_region_num, ((__cy_regions_end - __cy_regions) / 0x10))
                0x20008000                PROVIDE (__cy_stack, (ORIGIN (ram) + LENGTH (ram)))
                [!provide]                PROVIDE (__cy_heap_end, (__cy_stack - 0x800))

.cybootloader   0x00000000        0x0
 *(.cybootloader)
                0x00000000                appl1_start = CY_APPL_ORIGIN?CY_APPL_ORIGIN:ALIGN (CY_FLASH_ROW_SIZE)
                0x0001ff00                appl2_start = (appl1_start + ALIGN ((((LENGTH (rom) - appl1_start) - (0x2 * CY_FLASH_ROW_SIZE)) / 0x2), CY_FLASH_ROW_SIZE))
                0x00000000                appl_start = (CY_APPL_NUM == 0x1)?appl1_start:appl2_start
                0x00000000                ecc_offset = ((appl_start / CY_FLASH_ROW_SIZE) * CY_ECC_ROW_SIZE)
                0x00000000                ee_offset = (CY_APPL_LOADABLE && ! (CY_EE_IN_BTLDR))?((CY_EE_SIZE / CY_APPL_MAX) * (CY_APPL_NUM - 0x1)):0x0
                0x00000800                ee_size = (CY_APPL_LOADABLE && ! (CY_EE_IN_BTLDR))?(CY_EE_SIZE / CY_APPL_MAX):CY_EE_SIZE
                [!provide]                PROVIDE (CY_ECC_OFFSET, ecc_offset)

.text           0x00000000     0x1e94
 CREATE_OBJECT_SYMBOLS
                0x00000000                PROVIDE (__cy_interrupt_vector, RomVectors)
 *(.romvectors)
 .romvectors    0x00000000       0x10 .\CortexM3\ARM_GCC_541\Debug\Cm3Start.o
                0x00000000                RomVectors
                0x00000001                ASSERT ((. != __cy_interrupt_vector), No interrupt vector)
                0x00000001                ASSERT (CY_APPL_ORIGIN?(SIZEOF (.cybootloader) <= CY_APPL_ORIGIN):0x1, Wrong image location)
                0x00000010                PROVIDE (__cy_reset, Reset)
 *(.text.Reset)
 .text.Reset    0x00000010       0x18 .\CortexM3\ARM_GCC_541\Debug\Cm3Start.o
                0x00000010                Reset
                0x00000001                ASSERT ((. != __cy_reset), No reset code)
 *(.dma_init)
                0x00000001                ASSERT ((((appl_start + .) <= 0x10000) || 0x1), DMA Init must be within the first 64k of flash)
 *(.text .text.* .gnu.linkonce.t.*)
 .text          0x00000028       0x5c c:/program files (x86)/cypress/psoc creator/4.2/psoc creator/import/gnu/arm/5.4.1/bin/../lib/gcc/arm-none-eabi/5.4.1/armv7-m/crtbegin.o
 .text.main     0x00000084       0x6c .\CortexM3\ARM_GCC_541\Debug\main.o
                0x00000084                main
 .text.CyClockStartupError
                0x000000f0        0x4 .\CortexM3\ARM_GCC_541\Debug\cyfitter_cfg.o
 .text.cfg_write_bytes32
                0x000000f4       0x34 .\CortexM3\ARM_GCC_541\Debug\cyfitter_cfg.o
 .text.AnalogSetDefault
                0x00000128       0x38 .\CortexM3\ARM_GCC_541\Debug\cyfitter_cfg.o
 .text.CYMEMZERO
                0x00000160        0xc .\CortexM3\ARM_GCC_541\Debug\cyfitter_cfg.o
 .text.CYCONFIGCPY
                0x0000016c        0x8 .\CortexM3\ARM_GCC_541\Debug\cyfitter_cfg.o
 .text.ClockSetup
                0x00000174       0xe4 .\CortexM3\ARM_GCC_541\Debug\cyfitter_cfg.o
 .text.ADC_AMux_Set
                0x00000258       0x1c .\CortexM3\ARM_GCC_541\Debug\cyfitter_cfg.o
                0x00000258                ADC_AMux_Set
 .text.ADC_AMux_Unset
                0x00000274       0x1c .\CortexM3\ARM_GCC_541\Debug\cyfitter_cfg.o
                0x00000274                ADC_AMux_Unset
 .text.cyfitter_cfg
                0x00000290       0xe4 .\CortexM3\ARM_GCC_541\Debug\cyfitter_cfg.o
                0x00000290                cyfitter_cfg
 .text.IntDefaultHandler
                0x00000374       0x10 .\CortexM3\ARM_GCC_541\Debug\Cm3Start.o
                0x00000374                IntDefaultHandler
 .text._sbrk    0x00000384       0x30 .\CortexM3\ARM_GCC_541\Debug\Cm3Start.o
                0x00000384                _sbrk
 .text.Start_c  0x000003b4       0x4c .\CortexM3\ARM_GCC_541\Debug\Cm3Start.o
                0x000003b4                Start_c
 .text.initialize_psoc
                0x00000400       0x68 .\CortexM3\ARM_GCC_541\Debug\Cm3Start.o
                0x00000400                initialize_psoc
 .text.CyHalt   0x00000468        0x4 .\CortexM3\ARM_GCC_541\Debug\ADC.a(CyLib.o)
                0x00000468                CyHalt
 .text.CyDelay  0x0000046c       0x2c .\CortexM3\ARM_GCC_541\Debug\ADC.a(CyLib.o)
                0x0000046c                CyDelay
 .text.CyDelayUs
                0x00000498       0x14 .\CortexM3\ARM_GCC_541\Debug\ADC.a(CyLib.o)
                0x00000498                CyDelayUs
 .text.CyIntSetVector
                0x000004ac       0x28 .\CortexM3\ARM_GCC_541\Debug\ADC.a(CyLib.o)
                0x000004ac                CyIntSetVector
 .text.CyIntSetPriority
                0x000004d4       0x30 .\CortexM3\ARM_GCC_541\Debug\ADC.a(CyLib.o)
                0x000004d4                CyIntSetPriority
 .text.ADC_GainCompensation
                0x00000504       0xdc .\CortexM3\ARM_GCC_541\Debug\ADC.a(ADC.o)
 .text.ADC_SetDSMRef0Reg
                0x000005e0       0x4c .\CortexM3\ARM_GCC_541\Debug\ADC.a(ADC.o)
 .text.ADC_InitConfig
                0x0000062c       0xe8 .\CortexM3\ARM_GCC_541\Debug\ADC.a(ADC.o)
 .text.ADC_Init
                0x00000714       0xc4 .\CortexM3\ARM_GCC_541\Debug\ADC.a(ADC.o)
                0x00000714                ADC_Init
 .text.ADC_Enable
                0x000007d8       0xd8 .\CortexM3\ARM_GCC_541\Debug\ADC.a(ADC.o)
                0x000007d8                ADC_Enable
 .text.ADC_Start
                0x000008b0       0x28 .\CortexM3\ARM_GCC_541\Debug\ADC.a(ADC.o)
                0x000008b0                ADC_Start
 .text.ADC_StartConvert
                0x000008d8       0x10 .\CortexM3\ARM_GCC_541\Debug\ADC.a(ADC.o)
                0x000008d8                ADC_StartConvert
 .text.ADC_IsEndConversion
                0x000008e8       0x30 .\CortexM3\ARM_GCC_541\Debug\ADC.a(ADC.o)
                0x000008e8                ADC_IsEndConversion
 .text.ADC_GetResult32
                0x00000918       0x6c .\CortexM3\ARM_GCC_541\Debug\ADC.a(ADC.o)
                0x00000918                ADC_GetResult32
 .text.ADC_ISR1
                0x00000984        0x4 .\CortexM3\ARM_GCC_541\Debug\ADC.a(ADC_INT.o)
                0x00000984                ADC_ISR1
 .text.LCD_WrCntrlNib
                0x00000988       0x34 .\CortexM3\ARM_GCC_541\Debug\ADC.a(LCD.o)
 .text.LCD_WrDatNib
                0x000009bc       0x3c .\CortexM3\ARM_GCC_541\Debug\ADC.a(LCD.o)
 .text.LCD_WriteData
                0x000009f8       0x20 .\CortexM3\ARM_GCC_541\Debug\ADC.a(LCD.o)
                0x000009f8                LCD_WriteData
 .text.LCD_PrintString
                0x00000a18       0x1c .\CortexM3\ARM_GCC_541\Debug\ADC.a(LCD.o)
                0x00000a18                LCD_PrintString
 .text.LCD_WriteControl
                0x00000a34       0x24 .\CortexM3\ARM_GCC_541\Debug\ADC.a(LCD.o)
                0x00000a34                LCD_WriteControl
 .text.LCD_Init
                0x00000a58       0x6c .\CortexM3\ARM_GCC_541\Debug\ADC.a(LCD.o)
                0x00000a58                LCD_Init
 .text.LCD_Enable
                0x00000ac4       0x14 .\CortexM3\ARM_GCC_541\Debug\ADC.a(LCD.o)
                0x00000ac4                LCD_Enable
 .text.LCD_Start
                0x00000ad8       0x1c .\CortexM3\ARM_GCC_541\Debug\ADC.a(LCD.o)
                0x00000ad8                LCD_Start
 .text.LCD_Position
                0x00000af4       0x3c .\CortexM3\ARM_GCC_541\Debug\ADC.a(LCD.o)
                0x00000af4                LCD_Position
 .text.ADC_AMux_Start
                0x00000b30       0x20 .\CortexM3\ARM_GCC_541\Debug\ADC.a(ADC_AMux.o)
                0x00000b30                ADC_AMux_Start
 .text.ADC_AMux_Select
                0x00000b50       0x18 .\CortexM3\ARM_GCC_541\Debug\ADC.a(ADC_AMux.o)
                0x00000b50                ADC_AMux_Select
 .text.ADC_Ext_CP_Clk_GetDividerRegister
                0x00000b68        0xc .\CortexM3\ARM_GCC_541\Debug\ADC.a(ADC_Ext_CP_Clk.o)
                0x00000b68                ADC_Ext_CP_Clk_GetDividerRegister
 .text.ADC_Ext_CP_Clk_SetModeRegister
                0x00000b74       0x14 .\CortexM3\ARM_GCC_541\Debug\ADC.a(ADC_Ext_CP_Clk.o)
                0x00000b74                ADC_Ext_CP_Clk_SetModeRegister
 .text.ADC_Ext_CP_Clk_GetSourceRegister
                0x00000b88       0x10 .\CortexM3\ARM_GCC_541\Debug\ADC.a(ADC_Ext_CP_Clk.o)
                0x00000b88                ADC_Ext_CP_Clk_GetSourceRegister
 .text.ADC_Ext_CP_Clk_SetDividerRegister
                0x00000b98       0xd8 .\CortexM3\ARM_GCC_541\Debug\ADC.a(ADC_Ext_CP_Clk.o)
                0x00000b98                ADC_Ext_CP_Clk_SetDividerRegister
 .text.ADC_theACLK_GetDividerRegister
                0x00000c70        0xc .\CortexM3\ARM_GCC_541\Debug\ADC.a(ADC_theACLK.o)
                0x00000c70                ADC_theACLK_GetDividerRegister
 .text.ADC_theACLK_SetModeRegister
                0x00000c7c       0x14 .\CortexM3\ARM_GCC_541\Debug\ADC.a(ADC_theACLK.o)
                0x00000c7c                ADC_theACLK_SetModeRegister
 .text.ADC_theACLK_GetSourceRegister
                0x00000c90       0x10 .\CortexM3\ARM_GCC_541\Debug\ADC.a(ADC_theACLK.o)
                0x00000c90                ADC_theACLK_GetSourceRegister
 .text.ADC_theACLK_SetDividerRegister
                0x00000ca0       0xd8 .\CortexM3\ARM_GCC_541\Debug\ADC.a(ADC_theACLK.o)
                0x00000ca0                ADC_theACLK_SetDividerRegister
 .text          0x00000d78       0x20 .\CortexM3\ARM_GCC_541\Debug\ADC.a(CyBootAsmGnu.o)
                0x00000d78                CyDelayCycles
                0x00000d88                CyEnterCriticalSection
                0x00000d90                CyExitCriticalSection
 .text          0x00000d98      0x370 c:/program files (x86)/cypress/psoc creator/4.2/psoc creator/import/gnu/arm/5.4.1/bin/../lib/gcc/arm-none-eabi/5.4.1/armv7-m\libgcc.a(_arm_addsubdf3.o)
                0x00000d98                __aeabi_drsub
                0x00000da0                __aeabi_dsub
                0x00000da0                __subdf3
                0x00000da4                __aeabi_dadd
                0x00000da4                __adddf3
                0x0000101c                __floatunsidf
                0x0000101c                __aeabi_ui2d
                0x0000103c                __floatsidf
                0x0000103c                __aeabi_i2d
                0x00001060                __aeabi_f2d
                0x00001060                __extendsfdf2
                0x0000109c                __floatundidf
                0x0000109c                __aeabi_ul2d
                0x000010ac                __floatdidf
                0x000010ac                __aeabi_l2d
 .text          0x00001108      0x424 c:/program files (x86)/cypress/psoc creator/4.2/psoc creator/import/gnu/arm/5.4.1/bin/../lib/gcc/arm-none-eabi/5.4.1/armv7-m\libgcc.a(_arm_muldivdf3.o)
                0x00001108                __aeabi_dmul
                0x00001108                __muldf3
                0x0000135c                __divdf3
                0x0000135c                __aeabi_ddiv
 .text          0x0000152c       0xa0 c:/program files (x86)/cypress/psoc creator/4.2/psoc creator/import/gnu/arm/5.4.1/bin/../lib/gcc/arm-none-eabi/5.4.1/armv7-m\libgcc.a(_arm_truncdfsf2.o)
                0x0000152c                __truncdfsf2
                0x0000152c                __aeabi_d2f
 .text.__errno  0x000015cc        0xc c:/program files (x86)/cypress/psoc creator/4.2/psoc creator/import/gnu/arm/5.4.1/bin/../lib/gcc/arm-none-eabi/5.4.1/../../../../arm-none-eabi/lib/armv7-m\libg_nano.a(lib_a-errno.o)
                0x000015cc                __errno
 .text.__libc_init_array
                0x000015d8       0x4c c:/program files (x86)/cypress/psoc creator/4.2/psoc creator/import/gnu/arm/5.4.1/bin/../lib/gcc/arm-none-eabi/5.4.1/../../../../arm-none-eabi/lib/armv7-m\libg_nano.a(lib_a-init.o)
                0x000015d8                __libc_init_array
 .text.memcpy   0x00001624       0x16 c:/program files (x86)/cypress/psoc creator/4.2/psoc creator/import/gnu/arm/5.4.1/bin/../lib/gcc/arm-none-eabi/5.4.1/../../../../arm-none-eabi/lib/armv7-m\libg_nano.a(lib_a-memcpy-stub.o)
                0x00001624                memcpy
 .text.memset   0x0000163a       0x10 c:/program files (x86)/cypress/psoc creator/4.2/psoc creator/import/gnu/arm/5.4.1/bin/../lib/gcc/arm-none-eabi/5.4.1/../../../../arm-none-eabi/lib/armv7-m\libg_nano.a(lib_a-memset.o)
                0x0000163a                memset
 *fill*         0x0000164a        0x2 
 .text.sprintf  0x0000164c       0x48 c:/program files (x86)/cypress/psoc creator/4.2/psoc creator/import/gnu/arm/5.4.1/bin/../lib/gcc/arm-none-eabi/5.4.1/../../../../arm-none-eabi/lib/armv7-m\libg_nano.a(lib_a-sprintf.o)
                0x0000164c                siprintf
                0x0000164c                sprintf
 .text.__ssputs_r
                0x00001694       0xb2 c:/program files (x86)/cypress/psoc creator/4.2/psoc creator/import/gnu/arm/5.4.1/bin/../lib/gcc/arm-none-eabi/5.4.1/../../../../arm-none-eabi/lib/armv7-m\libg_nano.a(lib_a-nano-svfprintf.o)
                0x00001694                __ssputs_r
 *fill*         0x00001746        0x2 
 .text._svfprintf_r
                0x00001748      0x1e8 c:/program files (x86)/cypress/psoc creator/4.2/psoc creator/import/gnu/arm/5.4.1/bin/../lib/gcc/arm-none-eabi/5.4.1/../../../../arm-none-eabi/lib/armv7-m\libg_nano.a(lib_a-nano-svfprintf.o)
                0x00001748                _svfiprintf_r
                0x00001748                _svfprintf_r
 .text._printf_common
                0x00001930       0xec c:/program files (x86)/cypress/psoc creator/4.2/psoc creator/import/gnu/arm/5.4.1/bin/../lib/gcc/arm-none-eabi/5.4.1/../../../../arm-none-eabi/lib/armv7-m\libg_nano.a(lib_a-nano-vfprintf_i.o)
                0x00001930                _printf_common
 .text._printf_i
                0x00001a1c      0x24c c:/program files (x86)/cypress/psoc creator/4.2/psoc creator/import/gnu/arm/5.4.1/bin/../lib/gcc/arm-none-eabi/5.4.1/../../../../arm-none-eabi/lib/armv7-m\libg_nano.a(lib_a-nano-vfprintf_i.o)
                0x00001a1c                _printf_i
 .text.memchr   0x00001c68       0x1c c:/program files (x86)/cypress/psoc creator/4.2/psoc creator/import/gnu/arm/5.4.1/bin/../lib/gcc/arm-none-eabi/5.4.1/../../../../arm-none-eabi/lib/armv7-m\libg_nano.a(lib_a-memchr-stub.o)
                0x00001c68                memchr
 .text.memmove  0x00001c84       0x36 c:/program files (x86)/cypress/psoc creator/4.2/psoc creator/import/gnu/arm/5.4.1/bin/../lib/gcc/arm-none-eabi/5.4.1/../../../../arm-none-eabi/lib/armv7-m\libg_nano.a(lib_a-memmove.o)
                0x00001c84                memmove
 *fill*         0x00001cba        0x2 
 .text._free_r  0x00001cbc       0x98 c:/program files (x86)/cypress/psoc creator/4.2/psoc creator/import/gnu/arm/5.4.1/bin/../lib/gcc/arm-none-eabi/5.4.1/../../../../arm-none-eabi/lib/armv7-m\libg_nano.a(lib_a-nano-freer.o)
                0x00001cbc                _free_r
 .text._malloc_r
                0x00001d54       0xbc c:/program files (x86)/cypress/psoc creator/4.2/psoc creator/import/gnu/arm/5.4.1/bin/../lib/gcc/arm-none-eabi/5.4.1/../../../../arm-none-eabi/lib/armv7-m\libg_nano.a(lib_a-nano-mallocr.o)
                0x00001d54                _malloc_r
 .text._realloc_r
                0x00001e10       0x4c c:/program files (x86)/cypress/psoc creator/4.2/psoc creator/import/gnu/arm/5.4.1/bin/../lib/gcc/arm-none-eabi/5.4.1/../../../../arm-none-eabi/lib/armv7-m\libg_nano.a(lib_a-nano-reallocr.o)
                0x00001e10                _realloc_r
 .text._sbrk_r  0x00001e5c       0x20 c:/program files (x86)/cypress/psoc creator/4.2/psoc creator/import/gnu/arm/5.4.1/bin/../lib/gcc/arm-none-eabi/5.4.1/../../../../arm-none-eabi/lib/armv7-m\libg_nano.a(lib_a-sbrkr.o)
                0x00001e5c                _sbrk_r
 .text.__malloc_lock
                0x00001e7c        0x2 c:/program files (x86)/cypress/psoc creator/4.2/psoc creator/import/gnu/arm/5.4.1/bin/../lib/gcc/arm-none-eabi/5.4.1/../../../../arm-none-eabi/lib/armv7-m\libg_nano.a(lib_a-mlock.o)
                0x00001e7c                __malloc_lock
 .text.__malloc_unlock
                0x00001e7e        0x2 c:/program files (x86)/cypress/psoc creator/4.2/psoc creator/import/gnu/arm/5.4.1/bin/../lib/gcc/arm-none-eabi/5.4.1/../../../../arm-none-eabi/lib/armv7-m\libg_nano.a(lib_a-mlock.o)
                0x00001e7e                __malloc_unlock
 .text._malloc_usable_size_r
                0x00001e80       0x14 c:/program files (x86)/cypress/psoc creator/4.2/psoc creator/import/gnu/arm/5.4.1/bin/../lib/gcc/arm-none-eabi/5.4.1/../../../../arm-none-eabi/lib/armv7-m\libg_nano.a(lib_a-nano-msizer.o)
                0x00001e80                _malloc_usable_size_r
 *(.plt)
 *(.gnu.warning)
 *(.glue_7t)
 .glue_7t       0x00001e94        0x0 linker stubs
 *(.glue_7)
 .glue_7        0x00001e94        0x0 linker stubs
 *(.vfp11_veneer)
 .vfp11_veneer  0x00001e94        0x0 linker stubs
 *(.bootloader)
 *(.ARM.extab* .gnu.linkonce.armextab.*)
 *(.gcc_except_table)

.v4_bx          0x00001e94        0x0
 .v4_bx         0x00001e94        0x0 linker stubs

.iplt           0x00001e94        0x0
 .iplt          0x00001e94        0x0 c:/program files (x86)/cypress/psoc creator/4.2/psoc creator/import/gnu/arm/5.4.1/bin/../lib/gcc/arm-none-eabi/5.4.1/armv7-m/crtbegin.o

.eh_frame_hdr
 *(.eh_frame_hdr)

.eh_frame       0x00001e94        0x4
 *(.eh_frame)
 .eh_frame      0x00001e94        0x0 c:/program files (x86)/cypress/psoc creator/4.2/psoc creator/import/gnu/arm/5.4.1/bin/../lib/gcc/arm-none-eabi/5.4.1/armv7-m/crtbegin.o
 .eh_frame      0x00001e94        0x4 c:/program files (x86)/cypress/psoc creator/4.2/psoc creator/import/gnu/arm/5.4.1/bin/../lib/gcc/arm-none-eabi/5.4.1/armv7-m/crtend.o
                [!provide]                PROVIDE (__exidx_start, .)

.ARM.exidx
 *(.ARM.exidx* .gnu.linkonce.armexidx.*)
                0x00001e98                __exidx_end = .

.rodata         0x00001e98       0xb8
 *(.rodata .rodata.* .gnu.linkonce.r.*)
 .rodata.str1.4
                0x00001e98       0x10 .\CortexM3\ARM_GCC_541\Debug\main.o
                                  0xd (size before relaxing)
 .rodata        0x00001ea8       0x3c .\CortexM3\ARM_GCC_541\Debug\cyfitter_cfg.o
                0x00001ea8                ADC_AMux__addrTable
                0x00001eb0                ADC_AMux__maskTable
 .rodata.str1.1
                0x00001ee4        0x2 c:/program files (x86)/cypress/psoc creator/4.2/psoc creator/import/gnu/arm/5.4.1/bin/../lib/gcc/arm-none-eabi/5.4.1/../../../../arm-none-eabi/lib/armv7-m\libg_nano.a(lib_a-impure.o)
 .rodata.str1.1
                0x00001ee6       0x11 c:/program files (x86)/cypress/psoc creator/4.2/psoc creator/import/gnu/arm/5.4.1/bin/../lib/gcc/arm-none-eabi/5.4.1/../../../../arm-none-eabi/lib/armv7-m\libg_nano.a(lib_a-nano-svfprintf.o)
 .rodata.str1.1
                0x00001ef7       0x22 c:/program files (x86)/cypress/psoc creator/4.2/psoc creator/import/gnu/arm/5.4.1/bin/../lib/gcc/arm-none-eabi/5.4.1/../../../../arm-none-eabi/lib/armv7-m\libg_nano.a(lib_a-nano-vfprintf_i.o)
                0x00001f1c                . = ALIGN (0x4)
 *fill*         0x00001f19        0x3 
 *(.init)
 .init          0x00001f1c        0x4 c:/program files (x86)/cypress/psoc creator/4.2/psoc creator/import/gnu/arm/5.4.1/bin/../lib/gcc/arm-none-eabi/5.4.1/armv7-m/crti.o
                0x00001f1c                _init
 .init          0x00001f20        0x8 c:/program files (x86)/cypress/psoc creator/4.2/psoc creator/import/gnu/arm/5.4.1/bin/../lib/gcc/arm-none-eabi/5.4.1/armv7-m/crtn.o
                0x00001f28                . = ALIGN (0x4)
                0x00001f28                __preinit_array_start = .
 *(.preinit_array)
                0x00001f28                __preinit_array_end = .
                0x00001f28                . = ALIGN (0x4)
                0x00001f28                __init_array_start = .
 *(SORT(.init_array.*))
 *(.init_array)
 .init_array    0x00001f28        0x4 c:/program files (x86)/cypress/psoc creator/4.2/psoc creator/import/gnu/arm/5.4.1/bin/../lib/gcc/arm-none-eabi/5.4.1/armv7-m/crtbegin.o
 .init_array    0x00001f2c        0x4 .\CortexM3\ARM_GCC_541\Debug\Cm3Start.o
                0x00001f30                __init_array_end = .
                0x00001f30                . = ALIGN (0x4)
 *(.fini)
 .fini          0x00001f30        0x4 c:/program files (x86)/cypress/psoc creator/4.2/psoc creator/import/gnu/arm/5.4.1/bin/../lib/gcc/arm-none-eabi/5.4.1/armv7-m/crti.o
                0x00001f30                _fini
 .fini          0x00001f34        0x8 c:/program files (x86)/cypress/psoc creator/4.2/psoc creator/import/gnu/arm/5.4.1/bin/../lib/gcc/arm-none-eabi/5.4.1/armv7-m/crtn.o
                0x00001f3c                . = ALIGN (0x4)
                0x00001f3c                __fini_array_start = .
 *(.fini_array)
 .fini_array    0x00001f3c        0x4 c:/program files (x86)/cypress/psoc creator/4.2/psoc creator/import/gnu/arm/5.4.1/bin/../lib/gcc/arm-none-eabi/5.4.1/armv7-m/crtbegin.o
 *(SORT(.fini_array.*))
                0x00001f40                __fini_array_end = .
                0x00001f40                . = ALIGN (0x4)
 *crtbegin.o(.ctors)
 *(EXCLUDE_FILE(*crtend.o) .ctors)
 *(SORT(.ctors.*))
 *crtend.o(.ctors)
                0x00001f40                . = ALIGN (0x4)
 *crtbegin.o(.dtors)
 *(EXCLUDE_FILE(*crtend.o) .dtors)
 *(SORT(.dtors.*))
 *crtend.o(.dtors)
                0x00001f40                . = ALIGN (0x4)
                0x00001f40                __cy_regions = .
                0x00001f40        0x4 LONG 0x1f50 __cy_region_init_ram
                0x00001f44        0x4 LONG 0x1fff80c8 __cy_region_start_data
                0x00001f48        0x4 LONG 0x80 __cy_region_init_size_ram
                0x00001f4c        0x4 LONG 0x40 __cy_region_zero_size_ram
                0x00001f50                __cy_regions_end = .
                0x00001f50                . = ALIGN (0x8)
                0x00001f50                _etext = .

.cy_checksum_exclude
                0x00001f50        0x0
 *(.cy_checksum_exclude)

.ramvectors     0x1fff8000       0xc0
                0x1fff8000                __cy_region_start_ram = .
 *(.ramvectors)
 .ramvectors    0x1fff8000       0xc0 .\CortexM3\ARM_GCC_541\Debug\Cm3Start.o
                0x1fff8000                CyRamVectors

.noinit         0x1fff80c0        0x1
 *(.noinit)
 .noinit        0x1fff80c0        0x1 .\CortexM3\ARM_GCC_541\Debug\ADC.a(CyLib.o)
                0x1fff80c0                CyResetStatus

.data           0x1fff80c8       0x80 load address 0x00001f50
                0x1fff80c8                __cy_region_start_data = .
 *(.jcr)
 .jcr           0x1fff80c8        0x0 c:/program files (x86)/cypress/psoc creator/4.2/psoc creator/import/gnu/arm/5.4.1/bin/../lib/gcc/arm-none-eabi/5.4.1/armv7-m/crtbegin.o
 .jcr           0x1fff80c8        0x4 c:/program files (x86)/cypress/psoc creator/4.2/psoc creator/import/gnu/arm/5.4.1/bin/../lib/gcc/arm-none-eabi/5.4.1/armv7-m/crtend.o
 *(.got.plt)
 *(.got)
 *(.shdata)
 *(.data .data.* .gnu.linkonce.d.*)
 .data          0x1fff80cc        0x4 .\CortexM3\ARM_GCC_541\Debug\Cm3Start.o
 .data          0x1fff80d0       0x10 .\CortexM3\ARM_GCC_541\Debug\ADC.a(CyLib.o)
                0x1fff80d0                cydelay_32k_ms
                0x1fff80d4                cydelay_freq_khz
                0x1fff80d8                cydelay_freq_mhz
                0x1fff80dc                cydelay_freq_hz
 .data          0x1fff80e0        0x1 .\CortexM3\ARM_GCC_541\Debug\ADC.a(ADC.o)
                0x1fff80e0                ADC_Config
 .data          0x1fff80e1        0x1 .\CortexM3\ARM_GCC_541\Debug\ADC.a(ADC_AMux.o)
 *fill*         0x1fff80e2        0x2 
 .data.impure_data
                0x1fff80e4       0x60 c:/program files (x86)/cypress/psoc creator/4.2/psoc creator/import/gnu/arm/5.4.1/bin/../lib/gcc/arm-none-eabi/5.4.1/../../../../arm-none-eabi/lib/armv7-m\libg_nano.a(lib_a-impure.o)
 .data._impure_ptr
                0x1fff8144        0x4 c:/program files (x86)/cypress/psoc creator/4.2/psoc creator/import/gnu/arm/5.4.1/bin/../lib/gcc/arm-none-eabi/5.4.1/../../../../arm-none-eabi/lib/armv7-m\libg_nano.a(lib_a-impure.o)
                0x1fff8144                _impure_ptr
                0x1fff8148                . = ALIGN (0x8)
 *(.ram)
                0x1fff8148                _edata = .

.igot.plt       0x1fff8148        0x0 load address 0x00001fd0
 .igot.plt      0x1fff8148        0x0 c:/program files (x86)/cypress/psoc creator/4.2/psoc creator/import/gnu/arm/5.4.1/bin/../lib/gcc/arm-none-eabi/5.4.1/armv7-m/crtbegin.o

.bss            0x1fff8148       0x40 load address 0x00001fd0
                0x1fff8148                PROVIDE (__bss_start__, .)
 *(.shbss)
 *(.bss .bss.* .gnu.linkonce.b.*)
 .bss           0x1fff8148       0x1c c:/program files (x86)/cypress/psoc creator/4.2/psoc creator/import/gnu/arm/5.4.1/bin/../lib/gcc/arm-none-eabi/5.4.1/armv7-m/crtbegin.o
 .bss           0x1fff8164        0xc .\CortexM3\ARM_GCC_541\Debug\ADC.a(ADC.o)
                0x1fff8168                ADC_stopConversion
                0x1fff8169                ADC_convDone
                0x1fff816a                ADC_initVar
                0x1fff816b                ADC_started
                0x1fff816c                ADC_Offset
 .bss           0x1fff8170        0x2 .\CortexM3\ARM_GCC_541\Debug\ADC.a(LCD.o)
                0x1fff8170                LCD_enableState
                0x1fff8171                LCD_initVar
 *fill*         0x1fff8172        0x2 
 .bss.__malloc_sbrk_start
                0x1fff8174        0x4 c:/program files (x86)/cypress/psoc creator/4.2/psoc creator/import/gnu/arm/5.4.1/bin/../lib/gcc/arm-none-eabi/5.4.1/../../../../arm-none-eabi/lib/armv7-m\libg_nano.a(lib_a-nano-mallocr.o)
                0x1fff8174                __malloc_sbrk_start
 .bss.__malloc_free_list
                0x1fff8178        0x4 c:/program files (x86)/cypress/psoc creator/4.2/psoc creator/import/gnu/arm/5.4.1/bin/../lib/gcc/arm-none-eabi/5.4.1/../../../../arm-none-eabi/lib/armv7-m\libg_nano.a(lib_a-nano-mallocr.o)
                0x1fff8178                __malloc_free_list
 *(COMMON)
 COMMON         0x1fff817c        0x4 .\CortexM3\ARM_GCC_541\Debug\ADC.a(ADC.o)
                0x1fff817c                ADC_CountsPerVolt
 COMMON         0x1fff8180        0x4 c:/program files (x86)/cypress/psoc creator/4.2/psoc creator/import/gnu/arm/5.4.1/bin/../lib/gcc/arm-none-eabi/5.4.1/../../../../arm-none-eabi/lib/armv7-m\libg_nano.a(lib_a-reent.o)
                0x1fff8180                errno
                0x1fff8188                . = ALIGN (0x8)
 *fill*         0x1fff8184        0x4 
 *(.ram.b)
                0x1fff8188                _end = .
                0x1fff8188                __end = .
                0x1fff8188                PROVIDE (end, .)
                0x1fff8188                PROVIDE (__bss_end__, .)
                0x00001f50                __cy_region_init_ram = LOADADDR (.data)
                0x00000080                __cy_region_init_size_ram = (_edata - ADDR (.data))
                0x00000040                __cy_region_zero_size_ram = (_end - _edata)

.heap           0x1fff8188       0x80 load address 0x00001fd0
                0x1fff8188                . = _end
                0x1fff8208                . = (. + 0x80)
 *fill*         0x1fff8188       0x80 
                0x1fff8208                __cy_heap_limit = .

.stack          0x20007800      0x800
                0x20007800                __cy_stack_limit = .
                0x20008000                . = (. + 0x800)
 *fill*         0x20007800      0x800 
                0x00000001                ASSERT ((__cy_stack_limit >= __cy_heap_limit), region RAM overflowed with stack)
                0x00000000                cy_checksum_exclude_size = (CY_APPL_LOADABLE == 0x1)?SIZEOF (.cy_checksum_exclude):0x0
                0x00000001                ASSERT ((cy_checksum_exclude_size <= CY_CHECKSUM_EXCLUDE_SIZE), CY_BOOT: Section .cy_checksum_exclude size exceedes specified limit.)

.cyloadermeta
 *(.cyloadermeta)

.cyloadablemeta
 *(.cyloadablemeta)

.cyconfigecc    0x80000000       0xfc
 *(.cyconfigecc)
 .cyconfigecc   0x80000000       0xfc .\CortexM3\ARM_GCC_541\Debug\cymetadata.o
                0x80000000                cy_meta_configecc

.cycustnvl      0x90000000        0x4
 *(.cycustnvl)
 .cycustnvl     0x90000000        0x4 .\CortexM3\ARM_GCC_541\Debug\cymetadata.o
                0x90000000                cy_meta_custnvl

.cywolatch      0x90100000        0x4
 *(.cywolatch)
 .cywolatch     0x90100000        0x4 .\CortexM3\ARM_GCC_541\Debug\cymetadata.o
                0x90100000                cy_meta_wonvl

.cyeeprom       0x90200000        0x0
 *(.cyeeprom)
                0x00000001                ASSERT ((. <= ((0x90200000 + ee_offset) + ee_size)), .cyeeprom data will not fit in EEPROM)

.cyflashprotect
                0x90400000      0x100
 *(.cyflashprotect)
 .cyflashprotect
                0x90400000      0x100 .\CortexM3\ARM_GCC_541\Debug\cymetadata.o
                0x90400000                cy_meta_flashprotect

.cymeta         0x90500000        0xc
 *(.cymeta)
 .cymeta        0x90500000        0xc .\CortexM3\ARM_GCC_541\Debug\cymetadata.o
                0x90500000                cy_metadata

.rel.dyn        0x00001fd0        0x0 load address 0x9050000c
 .rel.iplt      0x00001fd0        0x0 c:/program files (x86)/cypress/psoc creator/4.2/psoc creator/import/gnu/arm/5.4.1/bin/../lib/gcc/arm-none-eabi/5.4.1/armv7-m/crtbegin.o

.stab
 *(.stab)

.stabstr
 *(.stabstr)

.debug
 *(.debug)

.line
 *(.line)

.debug_srcinfo
 *(.debug_srcinfo)

.debug_sfnames
 *(.debug_sfnames)

.debug_aranges  0x00000000      0x818
 *(.debug_aranges)
 .debug_aranges
                0x00000000       0x20 .\CortexM3\ARM_GCC_541\Debug\main.o
 .debug_aranges
                0x00000020       0x68 .\CortexM3\ARM_GCC_541\Debug\cyfitter_cfg.o
 .debug_aranges
                0x00000088       0x18 .\CortexM3\ARM_GCC_541\Debug\cymetadata.o
 .debug_aranges
                0x000000a0       0x48 .\CortexM3\ARM_GCC_541\Debug\Cm3Start.o
 .debug_aranges
                0x000000e8      0x2a0 .\CortexM3\ARM_GCC_541\Debug\ADC.a(CyLib.o)
 .debug_aranges
                0x00000388       0x98 .\CortexM3\ARM_GCC_541\Debug\ADC.a(cyPm.o)
 .debug_aranges
                0x00000420       0xe8 .\CortexM3\ARM_GCC_541\Debug\ADC.a(ADC.o)
 .debug_aranges
                0x00000508       0x38 .\CortexM3\ARM_GCC_541\Debug\ADC.a(ADC_INT.o)
 .debug_aranges
                0x00000540       0x90 .\CortexM3\ARM_GCC_541\Debug\ADC.a(LCD.o)
 .debug_aranges
                0x000005d0       0x30 .\CortexM3\ARM_GCC_541\Debug\ADC.a(ADC_AMux.o)
 .debug_aranges
                0x00000600       0x70 .\CortexM3\ARM_GCC_541\Debug\ADC.a(ADC_Ext_CP_Clk.o)
 .debug_aranges
                0x00000670       0x80 .\CortexM3\ARM_GCC_541\Debug\ADC.a(ADC_theACLK.o)
 .debug_aranges
                0x000006f0       0x20 .\CortexM3\ARM_GCC_541\Debug\ADC.a(CyBootAsmGnu.o)
 .debug_aranges
                0x00000710       0x88 .\CortexM3\ARM_GCC_541\Debug\ADC.a(CyFlash.o)
 .debug_aranges
                0x00000798       0x80 .\CortexM3\ARM_GCC_541\Debug\ADC.a(CySpc.o)

.debug_pubnames
 *(.debug_pubnames)

.debug_info     0x00000000     0x4e73
 *(.debug_info .gnu.linkonce.wi.*)
 .debug_info    0x00000000      0x21b .\CortexM3\ARM_GCC_541\Debug\main.o
 .debug_info    0x0000021b      0x576 .\CortexM3\ARM_GCC_541\Debug\cyfitter_cfg.o
 .debug_info    0x00000791      0x134 .\CortexM3\ARM_GCC_541\Debug\cymetadata.o
 .debug_info    0x000008c5      0x3bb .\CortexM3\ARM_GCC_541\Debug\Cm3Start.o
 .debug_info    0x00000c80     0x1374 .\CortexM3\ARM_GCC_541\Debug\ADC.a(CyLib.o)
 .debug_info    0x00001ff4      0xa2a .\CortexM3\ARM_GCC_541\Debug\ADC.a(cyPm.o)
 .debug_info    0x00002a1e      0xa1d .\CortexM3\ARM_GCC_541\Debug\ADC.a(ADC.o)
 .debug_info    0x0000343b       0xd3 .\CortexM3\ARM_GCC_541\Debug\ADC.a(ADC_INT.o)
 .debug_info    0x0000350e      0x695 .\CortexM3\ARM_GCC_541\Debug\ADC.a(LCD.o)
 .debug_info    0x00003ba3      0x165 .\CortexM3\ARM_GCC_541\Debug\ADC.a(ADC_AMux.o)
 .debug_info    0x00003d08      0x283 .\CortexM3\ARM_GCC_541\Debug\ADC.a(ADC_Ext_CP_Clk.o)
 .debug_info    0x00003f8b      0x2c4 .\CortexM3\ARM_GCC_541\Debug\ADC.a(ADC_theACLK.o)
 .debug_info    0x0000424f       0x87 .\CortexM3\ARM_GCC_541\Debug\ADC.a(CyBootAsmGnu.o)
 .debug_info    0x000042d6      0x64d .\CortexM3\ARM_GCC_541\Debug\ADC.a(CyFlash.o)
 .debug_info    0x00004923      0x550 .\CortexM3\ARM_GCC_541\Debug\ADC.a(CySpc.o)

.debug_abbrev   0x00000000     0x130d
 *(.debug_abbrev)
 .debug_abbrev  0x00000000       0xeb .\CortexM3\ARM_GCC_541\Debug\main.o
 .debug_abbrev  0x000000eb      0x21e .\CortexM3\ARM_GCC_541\Debug\cyfitter_cfg.o
 .debug_abbrev  0x00000309       0x5d .\CortexM3\ARM_GCC_541\Debug\cymetadata.o
 .debug_abbrev  0x00000366      0x1e8 .\CortexM3\ARM_GCC_541\Debug\Cm3Start.o
 .debug_abbrev  0x0000054e      0x254 .\CortexM3\ARM_GCC_541\Debug\ADC.a(CyLib.o)
 .debug_abbrev  0x000007a2      0x1ab .\CortexM3\ARM_GCC_541\Debug\ADC.a(cyPm.o)
 .debug_abbrev  0x0000094d      0x1cd .\CortexM3\ARM_GCC_541\Debug\ADC.a(ADC.o)
 .debug_abbrev  0x00000b1a       0x42 .\CortexM3\ARM_GCC_541\Debug\ADC.a(ADC_INT.o)
 .debug_abbrev  0x00000b5c      0x157 .\CortexM3\ARM_GCC_541\Debug\ADC.a(LCD.o)
 .debug_abbrev  0x00000cb3       0xb1 .\CortexM3\ARM_GCC_541\Debug\ADC.a(ADC_AMux.o)
 .debug_abbrev  0x00000d64      0x139 .\CortexM3\ARM_GCC_541\Debug\ADC.a(ADC_Ext_CP_Clk.o)
 .debug_abbrev  0x00000e9d      0x121 .\CortexM3\ARM_GCC_541\Debug\ADC.a(ADC_theACLK.o)
 .debug_abbrev  0x00000fbe       0x14 .\CortexM3\ARM_GCC_541\Debug\ADC.a(CyBootAsmGnu.o)
 .debug_abbrev  0x00000fd2      0x1a7 .\CortexM3\ARM_GCC_541\Debug\ADC.a(CyFlash.o)
 .debug_abbrev  0x00001179      0x194 .\CortexM3\ARM_GCC_541\Debug\ADC.a(CySpc.o)

.debug_line     0x00000000     0x211c
 *(.debug_line)
 .debug_line    0x00000000      0x20a .\CortexM3\ARM_GCC_541\Debug\main.o
 .debug_line    0x0000020a      0x201 .\CortexM3\ARM_GCC_541\Debug\cyfitter_cfg.o
 .debug_line    0x0000040b      0x141 .\CortexM3\ARM_GCC_541\Debug\cymetadata.o
 .debug_line    0x0000054c      0x234 .\CortexM3\ARM_GCC_541\Debug\Cm3Start.o
 .debug_line    0x00000780      0x816 .\CortexM3\ARM_GCC_541\Debug\ADC.a(CyLib.o)
 .debug_line    0x00000f96      0x367 .\CortexM3\ARM_GCC_541\Debug\ADC.a(cyPm.o)
 .debug_line    0x000012fd      0x364 .\CortexM3\ARM_GCC_541\Debug\ADC.a(ADC.o)
 .debug_line    0x00001661       0x80 .\CortexM3\ARM_GCC_541\Debug\ADC.a(ADC_INT.o)
 .debug_line    0x000016e1      0x195 .\CortexM3\ARM_GCC_541\Debug\ADC.a(LCD.o)
 .debug_line    0x00001876       0xac .\CortexM3\ARM_GCC_541\Debug\ADC.a(ADC_AMux.o)
 .debug_line    0x00001922      0x17d .\CortexM3\ARM_GCC_541\Debug\ADC.a(ADC_Ext_CP_Clk.o)
 .debug_line    0x00001a9f      0x19d .\CortexM3\ARM_GCC_541\Debug\ADC.a(ADC_theACLK.o)
 .debug_line    0x00001c3c       0x66 .\CortexM3\ARM_GCC_541\Debug\ADC.a(CyBootAsmGnu.o)
 .debug_line    0x00001ca2      0x21a .\CortexM3\ARM_GCC_541\Debug\ADC.a(CyFlash.o)
 .debug_line    0x00001ebc      0x260 .\CortexM3\ARM_GCC_541\Debug\ADC.a(CySpc.o)

.debug_frame    0x00000000     0x18f8
 *(.debug_frame)
 .debug_frame   0x00000000       0x2c .\CortexM3\ARM_GCC_541\Debug\main.o
 .debug_frame   0x0000002c      0x104 .\CortexM3\ARM_GCC_541\Debug\cyfitter_cfg.o
 .debug_frame   0x00000130       0xb8 .\CortexM3\ARM_GCC_541\Debug\Cm3Start.o
 .debug_frame   0x000001e8      0x738 .\CortexM3\ARM_GCC_541\Debug\ADC.a(CyLib.o)
 .debug_frame   0x00000920      0x1f8 .\CortexM3\ARM_GCC_541\Debug\ADC.a(cyPm.o)
 .debug_frame   0x00000b18      0x290 .\CortexM3\ARM_GCC_541\Debug\ADC.a(ADC.o)
 .debug_frame   0x00000da8       0x50 .\CortexM3\ARM_GCC_541\Debug\ADC.a(ADC_INT.o)
 .debug_frame   0x00000df8      0x1c4 .\CortexM3\ARM_GCC_541\Debug\ADC.a(LCD.o)
 .debug_frame   0x00000fbc       0x64 .\CortexM3\ARM_GCC_541\Debug\ADC.a(ADC_AMux.o)
 .debug_frame   0x00001020       0xe0 .\CortexM3\ARM_GCC_541\Debug\ADC.a(ADC_Ext_CP_Clk.o)
 .debug_frame   0x00001100      0x100 .\CortexM3\ARM_GCC_541\Debug\ADC.a(ADC_theACLK.o)
 .debug_frame   0x00001200      0x194 .\CortexM3\ARM_GCC_541\Debug\ADC.a(CyFlash.o)
 .debug_frame   0x00001394      0x180 .\CortexM3\ARM_GCC_541\Debug\ADC.a(CySpc.o)
 .debug_frame   0x00001514       0x20 c:/program files (x86)/cypress/psoc creator/4.2/psoc creator/import/gnu/arm/5.4.1/bin/../lib/gcc/arm-none-eabi/5.4.1/../../../../arm-none-eabi/lib/armv7-m\libg_nano.a(lib_a-errno.o)
 .debug_frame   0x00001534       0x28 c:/program files (x86)/cypress/psoc creator/4.2/psoc creator/import/gnu/arm/5.4.1/bin/../lib/gcc/arm-none-eabi/5.4.1/../../../../arm-none-eabi/lib/armv7-m\libg_nano.a(lib_a-exit.o)
 .debug_frame   0x0000155c       0x2c c:/program files (x86)/cypress/psoc creator/4.2/psoc creator/import/gnu/arm/5.4.1/bin/../lib/gcc/arm-none-eabi/5.4.1/../../../../arm-none-eabi/lib/armv7-m\libg_nano.a(lib_a-init.o)
 .debug_frame   0x00001588       0x28 c:/program files (x86)/cypress/psoc creator/4.2/psoc creator/import/gnu/arm/5.4.1/bin/../lib/gcc/arm-none-eabi/5.4.1/../../../../arm-none-eabi/lib/armv7-m\libg_nano.a(lib_a-memcpy-stub.o)
 .debug_frame   0x000015b0       0x20 c:/program files (x86)/cypress/psoc creator/4.2/psoc creator/import/gnu/arm/5.4.1/bin/../lib/gcc/arm-none-eabi/5.4.1/../../../../arm-none-eabi/lib/armv7-m\libg_nano.a(lib_a-memset.o)
 .debug_frame   0x000015d0       0x70 c:/program files (x86)/cypress/psoc creator/4.2/psoc creator/import/gnu/arm/5.4.1/bin/../lib/gcc/arm-none-eabi/5.4.1/../../../../arm-none-eabi/lib/armv7-m\libg_nano.a(lib_a-sprintf.o)
 .debug_frame   0x00001640       0x90 c:/program files (x86)/cypress/psoc creator/4.2/psoc creator/import/gnu/arm/5.4.1/bin/../lib/gcc/arm-none-eabi/5.4.1/../../../../arm-none-eabi/lib/armv7-m\libg_nano.a(lib_a-nano-svfprintf.o)
 .debug_frame   0x000016d0       0x60 c:/program files (x86)/cypress/psoc creator/4.2/psoc creator/import/gnu/arm/5.4.1/bin/../lib/gcc/arm-none-eabi/5.4.1/../../../../arm-none-eabi/lib/armv7-m\libg_nano.a(lib_a-nano-vfprintf_i.o)
 .debug_frame   0x00001730       0x28 c:/program files (x86)/cypress/psoc creator/4.2/psoc creator/import/gnu/arm/5.4.1/bin/../lib/gcc/arm-none-eabi/5.4.1/../../../../arm-none-eabi/lib/armv7-m\libg_nano.a(lib_a-memchr-stub.o)
 .debug_frame   0x00001758       0x28 c:/program files (x86)/cypress/psoc creator/4.2/psoc creator/import/gnu/arm/5.4.1/bin/../lib/gcc/arm-none-eabi/5.4.1/../../../../arm-none-eabi/lib/armv7-m\libg_nano.a(lib_a-memmove.o)
 .debug_frame   0x00001780       0x38 c:/program files (x86)/cypress/psoc creator/4.2/psoc creator/import/gnu/arm/5.4.1/bin/../lib/gcc/arm-none-eabi/5.4.1/../../../../arm-none-eabi/lib/armv7-m\libg_nano.a(lib_a-nano-freer.o)
 .debug_frame   0x000017b8       0x2c c:/program files (x86)/cypress/psoc creator/4.2/psoc creator/import/gnu/arm/5.4.1/bin/../lib/gcc/arm-none-eabi/5.4.1/../../../../arm-none-eabi/lib/armv7-m\libg_nano.a(lib_a-nano-mallocr.o)
 .debug_frame   0x000017e4       0x3c c:/program files (x86)/cypress/psoc creator/4.2/psoc creator/import/gnu/arm/5.4.1/bin/../lib/gcc/arm-none-eabi/5.4.1/../../../../arm-none-eabi/lib/armv7-m\libg_nano.a(lib_a-nano-reallocr.o)
 .debug_frame   0x00001820       0x2c c:/program files (x86)/cypress/psoc creator/4.2/psoc creator/import/gnu/arm/5.4.1/bin/../lib/gcc/arm-none-eabi/5.4.1/../../../../arm-none-eabi/lib/armv7-m\libg_nano.a(lib_a-sbrkr.o)
 .debug_frame   0x0000184c       0x30 c:/program files (x86)/cypress/psoc creator/4.2/psoc creator/import/gnu/arm/5.4.1/bin/../lib/gcc/arm-none-eabi/5.4.1/../../../../arm-none-eabi/lib/armv7-m\libg_nano.a(lib_a-mlock.o)
 .debug_frame   0x0000187c       0x20 c:/program files (x86)/cypress/psoc creator/4.2/psoc creator/import/gnu/arm/5.4.1/bin/../lib/gcc/arm-none-eabi/5.4.1/../../../../arm-none-eabi/lib/armv7-m\libg_nano.a(lib_a-nano-msizer.o)
 .debug_frame   0x0000189c       0x5c c:/program files (x86)/cypress/psoc creator/4.2/psoc creator/import/gnu/arm/5.4.1/bin/../lib/gcc/arm-none-eabi/5.4.1/../../../../arm-none-eabi/lib/armv7-m\libg_nano.a(lib_a-reent.o)

.debug_str      0x00000000     0x1b61
 *(.debug_str)
 .debug_str     0x00000000      0x1d5 .\CortexM3\ARM_GCC_541\Debug\main.o
                                0x223 (size before relaxing)
 .debug_str     0x000001d5      0x1d3 .\CortexM3\ARM_GCC_541\Debug\cyfitter_cfg.o
                                0x352 (size before relaxing)
 .debug_str     0x000003a8       0x7f .\CortexM3\ARM_GCC_541\Debug\cymetadata.o
                                0x1db (size before relaxing)
 .debug_str     0x00000427      0x144 .\CortexM3\ARM_GCC_541\Debug\Cm3Start.o
                                0x301 (size before relaxing)
 .debug_str     0x0000056b      0x854 .\CortexM3\ARM_GCC_541\Debug\ADC.a(CyLib.o)
                                0xa3e (size before relaxing)
 .debug_str     0x00000dbf      0x365 .\CortexM3\ARM_GCC_541\Debug\ADC.a(cyPm.o)
                                0x72a (size before relaxing)
 .debug_str     0x00001124      0x347 .\CortexM3\ARM_GCC_541\Debug\ADC.a(ADC.o)
                                0x5c0 (size before relaxing)
 .debug_str     0x0000146b       0x45 .\CortexM3\ARM_GCC_541\Debug\ADC.a(ADC_INT.o)
                                0x1b7 (size before relaxing)
 .debug_str     0x000014b0      0x12f .\CortexM3\ARM_GCC_541\Debug\ADC.a(LCD.o)
                                0x301 (size before relaxing)
 .debug_str     0x000015df       0x5f .\CortexM3\ARM_GCC_541\Debug\ADC.a(ADC_AMux.o)
                                0x1f6 (size before relaxing)
 .debug_str     0x0000163e      0x16d .\CortexM3\ARM_GCC_541\Debug\ADC.a(ADC_Ext_CP_Clk.o)
                                0x339 (size before relaxing)
 .debug_str     0x000017ab      0x14f .\CortexM3\ARM_GCC_541\Debug\ADC.a(ADC_theACLK.o)
                                0x358 (size before relaxing)
 .debug_str     0x000018fa      0x1bb .\CortexM3\ARM_GCC_541\Debug\ADC.a(CyFlash.o)
                                0x3b7 (size before relaxing)
 .debug_str     0x00001ab5       0xac .\CortexM3\ARM_GCC_541\Debug\ADC.a(CySpc.o)
                                0x32f (size before relaxing)

.debug_loc      0x00000000     0x26e0
 *(.debug_loc)
 .debug_loc     0x00000000       0x31 .\CortexM3\ARM_GCC_541\Debug\main.o
 .debug_loc     0x00000031      0x219 .\CortexM3\ARM_GCC_541\Debug\cyfitter_cfg.o
 .debug_loc     0x0000024a      0x144 .\CortexM3\ARM_GCC_541\Debug\Cm3Start.o
 .debug_loc     0x0000038e      0xa11 .\CortexM3\ARM_GCC_541\Debug\ADC.a(CyLib.o)
 .debug_loc     0x00000d9f      0x1e4 .\CortexM3\ARM_GCC_541\Debug\ADC.a(cyPm.o)
 .debug_loc     0x00000f83      0x6c1 .\CortexM3\ARM_GCC_541\Debug\ADC.a(ADC.o)
 .debug_loc     0x00001644      0x300 .\CortexM3\ARM_GCC_541\Debug\ADC.a(LCD.o)
 .debug_loc     0x00001944       0x6c .\CortexM3\ARM_GCC_541\Debug\ADC.a(ADC_AMux.o)
 .debug_loc     0x000019b0      0x12c .\CortexM3\ARM_GCC_541\Debug\ADC.a(ADC_Ext_CP_Clk.o)
 .debug_loc     0x00001adc      0x14d .\CortexM3\ARM_GCC_541\Debug\ADC.a(ADC_theACLK.o)
 .debug_loc     0x00001c29      0x3b2 .\CortexM3\ARM_GCC_541\Debug\ADC.a(CyFlash.o)
 .debug_loc     0x00001fdb      0x705 .\CortexM3\ARM_GCC_541\Debug\ADC.a(CySpc.o)

.debug_macinfo
 *(.debug_macinfo)

.debug_ranges   0x00000000      0x710
 *(.debug_ranges)
 .debug_ranges  0x00000000       0x10 .\CortexM3\ARM_GCC_541\Debug\main.o
 .debug_ranges  0x00000010       0x58 .\CortexM3\ARM_GCC_541\Debug\cyfitter_cfg.o
 .debug_ranges  0x00000068       0x38 .\CortexM3\ARM_GCC_541\Debug\Cm3Start.o
 .debug_ranges  0x000000a0      0x290 .\CortexM3\ARM_GCC_541\Debug\ADC.a(CyLib.o)
 .debug_ranges  0x00000330       0x88 .\CortexM3\ARM_GCC_541\Debug\ADC.a(cyPm.o)
 .debug_ranges  0x000003b8       0xd8 .\CortexM3\ARM_GCC_541\Debug\ADC.a(ADC.o)
 .debug_ranges  0x00000490       0x28 .\CortexM3\ARM_GCC_541\Debug\ADC.a(ADC_INT.o)
 .debug_ranges  0x000004b8       0x80 .\CortexM3\ARM_GCC_541\Debug\ADC.a(LCD.o)
 .debug_ranges  0x00000538       0x20 .\CortexM3\ARM_GCC_541\Debug\ADC.a(ADC_AMux.o)
 .debug_ranges  0x00000558       0x60 .\CortexM3\ARM_GCC_541\Debug\ADC.a(ADC_Ext_CP_Clk.o)
 .debug_ranges  0x000005b8       0x70 .\CortexM3\ARM_GCC_541\Debug\ADC.a(ADC_theACLK.o)
 .debug_ranges  0x00000628       0x78 .\CortexM3\ARM_GCC_541\Debug\ADC.a(CyFlash.o)
 .debug_ranges  0x000006a0       0x70 .\CortexM3\ARM_GCC_541\Debug\ADC.a(CySpc.o)

.comment        0x00000000       0x6e
 .comment       0x00000000       0x6e .\CortexM3\ARM_GCC_541\Debug\main.o
                                 0x6f (size before relaxing)
 .comment       0x0000006e       0x6f .\CortexM3\ARM_GCC_541\Debug\cyfitter_cfg.o
 .comment       0x0000006e       0x6f .\CortexM3\ARM_GCC_541\Debug\cymetadata.o
 .comment       0x0000006e       0x6f .\CortexM3\ARM_GCC_541\Debug\Cm3Start.o
 .comment       0x0000006e       0x6f .\CortexM3\ARM_GCC_541\Debug\ADC.a(CyLib.o)
 .comment       0x0000006e       0x6f .\CortexM3\ARM_GCC_541\Debug\ADC.a(cyPm.o)
 .comment       0x0000006e       0x6f .\CortexM3\ARM_GCC_541\Debug\ADC.a(ADC.o)
 .comment       0x0000006e       0x6f .\CortexM3\ARM_GCC_541\Debug\ADC.a(ADC_INT.o)
 .comment       0x0000006e       0x6f .\CortexM3\ARM_GCC_541\Debug\ADC.a(LCD.o)
 .comment       0x0000006e       0x6f .\CortexM3\ARM_GCC_541\Debug\ADC.a(ADC_AMux.o)
 .comment       0x0000006e       0x6f .\CortexM3\ARM_GCC_541\Debug\ADC.a(ADC_Ext_CP_Clk.o)
 .comment       0x0000006e       0x6f .\CortexM3\ARM_GCC_541\Debug\ADC.a(ADC_theACLK.o)
 .comment       0x0000006e       0x6f .\CortexM3\ARM_GCC_541\Debug\ADC.a(CyFlash.o)
 .comment       0x0000006e       0x6f .\CortexM3\ARM_GCC_541\Debug\ADC.a(CySpc.o)

.debug_weaknames
 *(.debug_weaknames)

.debug_funcnames
 *(.debug_funcnames)

.debug_typenames
 *(.debug_typenames)

.debug_varnames
 *(.debug_varnames)

.note.gnu.arm.ident
 *(.note.gnu.arm.ident)

.ARM.attributes
                0x00000000       0x29
 *(.ARM.attributes)
 .ARM.attributes
                0x00000000       0x1d c:/program files (x86)/cypress/psoc creator/4.2/psoc creator/import/gnu/arm/5.4.1/bin/../lib/gcc/arm-none-eabi/5.4.1/armv7-m/crti.o
 .ARM.attributes
                0x0000001d       0x2d c:/program files (x86)/cypress/psoc creator/4.2/psoc creator/import/gnu/arm/5.4.1/bin/../lib/gcc/arm-none-eabi/5.4.1/armv7-m/crtbegin.o
 .ARM.attributes
                0x0000004a       0x1b c:/program files (x86)/cypress/psoc creator/4.2/psoc creator/import/gnu/arm/5.4.1/bin/../lib/gcc/arm-none-eabi/5.4.1/../../../../arm-none-eabi/lib/armv7-m/crt0.o
 .ARM.attributes
                0x00000065       0x33 .\CortexM3\ARM_GCC_541\Debug\main.o
 .ARM.attributes
                0x00000098       0x33 .\CortexM3\ARM_GCC_541\Debug\cyfitter_cfg.o
 .ARM.attributes
                0x000000cb       0x33 .\CortexM3\ARM_GCC_541\Debug\cymetadata.o
 .ARM.attributes
                0x000000fe       0x33 .\CortexM3\ARM_GCC_541\Debug\Cm3Start.o
 .ARM.attributes
                0x00000131       0x33 .\CortexM3\ARM_GCC_541\Debug\ADC.a(CyLib.o)
 .ARM.attributes
                0x00000164       0x33 .\CortexM3\ARM_GCC_541\Debug\ADC.a(cyPm.o)
 .ARM.attributes
                0x00000197       0x33 .\CortexM3\ARM_GCC_541\Debug\ADC.a(ADC.o)
 .ARM.attributes
                0x000001ca       0x33 .\CortexM3\ARM_GCC_541\Debug\ADC.a(ADC_INT.o)
 .ARM.attributes
                0x000001fd       0x33 .\CortexM3\ARM_GCC_541\Debug\ADC.a(LCD.o)
 .ARM.attributes
                0x00000230       0x33 .\CortexM3\ARM_GCC_541\Debug\ADC.a(ADC_AMux.o)
 .ARM.attributes
                0x00000263       0x33 .\CortexM3\ARM_GCC_541\Debug\ADC.a(ADC_Ext_CP_Clk.o)
 .ARM.attributes
                0x00000296       0x33 .\CortexM3\ARM_GCC_541\Debug\ADC.a(ADC_theACLK.o)
 .ARM.attributes
                0x000002c9       0x21 .\CortexM3\ARM_GCC_541\Debug\ADC.a(CyBootAsmGnu.o)
 .ARM.attributes
                0x000002ea       0x33 .\CortexM3\ARM_GCC_541\Debug\ADC.a(CyFlash.o)
 .ARM.attributes
                0x0000031d       0x33 .\CortexM3\ARM_GCC_541\Debug\ADC.a(CySpc.o)
 .ARM.attributes
                0x00000350       0x1d c:/program files (x86)/cypress/psoc creator/4.2/psoc creator/import/gnu/arm/5.4.1/bin/../lib/gcc/arm-none-eabi/5.4.1/armv7-m\libgcc.a(_arm_addsubdf3.o)
 .ARM.attributes
                0x0000036d       0x1d c:/program files (x86)/cypress/psoc creator/4.2/psoc creator/import/gnu/arm/5.4.1/bin/../lib/gcc/arm-none-eabi/5.4.1/armv7-m\libgcc.a(_arm_muldivdf3.o)
 .ARM.attributes
                0x0000038a       0x1d c:/program files (x86)/cypress/psoc creator/4.2/psoc creator/import/gnu/arm/5.4.1/bin/../lib/gcc/arm-none-eabi/5.4.1/armv7-m\libgcc.a(_arm_cmpdf2.o)
 .ARM.attributes
                0x000003a7       0x1d c:/program files (x86)/cypress/psoc creator/4.2/psoc creator/import/gnu/arm/5.4.1/bin/../lib/gcc/arm-none-eabi/5.4.1/armv7-m\libgcc.a(_arm_truncdfsf2.o)
 .ARM.attributes
                0x000003c4       0x1d c:/program files (x86)/cypress/psoc creator/4.2/psoc creator/import/gnu/arm/5.4.1/bin/../lib/gcc/arm-none-eabi/5.4.1/armv7-m\libgcc.a(_arm_addsubsf3.o)
 .ARM.attributes
                0x000003e1       0x1d c:/program files (x86)/cypress/psoc creator/4.2/psoc creator/import/gnu/arm/5.4.1/bin/../lib/gcc/arm-none-eabi/5.4.1/armv7-m\libgcc.a(_arm_muldivsf3.o)
 .ARM.attributes
                0x000003fe       0x1d c:/program files (x86)/cypress/psoc creator/4.2/psoc creator/import/gnu/arm/5.4.1/bin/../lib/gcc/arm-none-eabi/5.4.1/armv7-m\libgcc.a(_arm_fixunssfsi.o)
 .ARM.attributes
                0x0000041b       0x2d c:/program files (x86)/cypress/psoc creator/4.2/psoc creator/import/gnu/arm/5.4.1/bin/../lib/gcc/arm-none-eabi/5.4.1/../../../../arm-none-eabi/lib/armv7-m\libg_nano.a(lib_a-errno.o)
 .ARM.attributes
                0x00000448       0x2d c:/program files (x86)/cypress/psoc creator/4.2/psoc creator/import/gnu/arm/5.4.1/bin/../lib/gcc/arm-none-eabi/5.4.1/../../../../arm-none-eabi/lib/armv7-m\libg_nano.a(lib_a-exit.o)
 .ARM.attributes
                0x00000475       0x2d c:/program files (x86)/cypress/psoc creator/4.2/psoc creator/import/gnu/arm/5.4.1/bin/../lib/gcc/arm-none-eabi/5.4.1/../../../../arm-none-eabi/lib/armv7-m\libg_nano.a(lib_a-impure.o)
 .ARM.attributes
                0x000004a2       0x2d c:/program files (x86)/cypress/psoc creator/4.2/psoc creator/import/gnu/arm/5.4.1/bin/../lib/gcc/arm-none-eabi/5.4.1/../../../../arm-none-eabi/lib/armv7-m\libg_nano.a(lib_a-init.o)
 .ARM.attributes
                0x000004cf       0x2d c:/program files (x86)/cypress/psoc creator/4.2/psoc creator/import/gnu/arm/5.4.1/bin/../lib/gcc/arm-none-eabi/5.4.1/../../../../arm-none-eabi/lib/armv7-m\libg_nano.a(lib_a-memcpy-stub.o)
 .ARM.attributes
                0x000004fc       0x2d c:/program files (x86)/cypress/psoc creator/4.2/psoc creator/import/gnu/arm/5.4.1/bin/../lib/gcc/arm-none-eabi/5.4.1/../../../../arm-none-eabi/lib/armv7-m\libg_nano.a(lib_a-memset.o)
 .ARM.attributes
                0x00000529       0x2d c:/program files (x86)/cypress/psoc creator/4.2/psoc creator/import/gnu/arm/5.4.1/bin/../lib/gcc/arm-none-eabi/5.4.1/../../../../arm-none-eabi/lib/armv7-m\libg_nano.a(lib_a-sprintf.o)
 .ARM.attributes
                0x00000556       0x2d c:/program files (x86)/cypress/psoc creator/4.2/psoc creator/import/gnu/arm/5.4.1/bin/../lib/gcc/arm-none-eabi/5.4.1/../../../../arm-none-eabi/lib/armv7-m\libg_nano.a(lib_a-nano-svfprintf.o)
 .ARM.attributes
                0x00000583       0x2d c:/program files (x86)/cypress/psoc creator/4.2/psoc creator/import/gnu/arm/5.4.1/bin/../lib/gcc/arm-none-eabi/5.4.1/../../../../arm-none-eabi/lib/armv7-m\libg_nano.a(lib_a-nano-vfprintf_i.o)
 .ARM.attributes
                0x000005b0       0x2d c:/program files (x86)/cypress/psoc creator/4.2/psoc creator/import/gnu/arm/5.4.1/bin/../lib/gcc/arm-none-eabi/5.4.1/../../../../arm-none-eabi/lib/armv7-m\libg_nano.a(lib_a-memchr-stub.o)
 .ARM.attributes
                0x000005dd       0x2d c:/program files (x86)/cypress/psoc creator/4.2/psoc creator/import/gnu/arm/5.4.1/bin/../lib/gcc/arm-none-eabi/5.4.1/../../../../arm-none-eabi/lib/armv7-m\libg_nano.a(lib_a-memmove.o)
 .ARM.attributes
                0x0000060a       0x2d c:/program files (x86)/cypress/psoc creator/4.2/psoc creator/import/gnu/arm/5.4.1/bin/../lib/gcc/arm-none-eabi/5.4.1/../../../../arm-none-eabi/lib/armv7-m\libg_nano.a(lib_a-nano-freer.o)
 .ARM.attributes
                0x00000637       0x2d c:/program files (x86)/cypress/psoc creator/4.2/psoc creator/import/gnu/arm/5.4.1/bin/../lib/gcc/arm-none-eabi/5.4.1/../../../../arm-none-eabi/lib/armv7-m\libg_nano.a(lib_a-nano-mallocr.o)
 .ARM.attributes
                0x00000664       0x2d c:/program files (x86)/cypress/psoc creator/4.2/psoc creator/import/gnu/arm/5.4.1/bin/../lib/gcc/arm-none-eabi/5.4.1/../../../../arm-none-eabi/lib/armv7-m\libg_nano.a(lib_a-nano-reallocr.o)
 .ARM.attributes
                0x00000691       0x2d c:/program files (x86)/cypress/psoc creator/4.2/psoc creator/import/gnu/arm/5.4.1/bin/../lib/gcc/arm-none-eabi/5.4.1/../../../../arm-none-eabi/lib/armv7-m\libg_nano.a(lib_a-sbrkr.o)
 .ARM.attributes
                0x000006be       0x2d c:/program files (x86)/cypress/psoc creator/4.2/psoc creator/import/gnu/arm/5.4.1/bin/../lib/gcc/arm-none-eabi/5.4.1/../../../../arm-none-eabi/lib/armv7-m\libg_nano.a(lib_a-mlock.o)
 .ARM.attributes
                0x000006eb       0x2d c:/program files (x86)/cypress/psoc creator/4.2/psoc creator/import/gnu/arm/5.4.1/bin/../lib/gcc/arm-none-eabi/5.4.1/../../../../arm-none-eabi/lib/armv7-m\libg_nano.a(lib_a-nano-msizer.o)
 .ARM.attributes
                0x00000718       0x2d c:/program files (x86)/cypress/psoc creator/4.2/psoc creator/import/gnu/arm/5.4.1/bin/../lib/gcc/arm-none-eabi/5.4.1/../../../../arm-none-eabi/lib/armv7-m\libg_nano.a(lib_a-reent.o)
 .ARM.attributes
                0x00000745       0x2d c:/program files (x86)/cypress/psoc creator/4.2/psoc creator/import/gnu/arm/5.4.1/bin/../lib/gcc/arm-none-eabi/5.4.1/armv7-m/crtend.o
 .ARM.attributes
                0x00000772       0x1d c:/program files (x86)/cypress/psoc creator/4.2/psoc creator/import/gnu/arm/5.4.1/bin/../lib/gcc/arm-none-eabi/5.4.1/armv7-m/crtn.o

/DISCARD/
 *(.note.GNU-stack)
OUTPUT(C:\Users\jdrd3\Documents\PSoC Creator\Ejemplos\ADC.cydsn\CortexM3\ARM_GCC_541\Debug\ADC.elf elf32-littlearm)
